Archive member included to satisfy reference by file (symbol)

../telemetre_test_bsp/\libhal_bsp.a(alt_load.o)
                              ../telemetre_test_bsp//obj/HAL/src/crt0.o (alt_load)
../telemetre_test_bsp/\libhal_bsp.a(alt_main.o)
                              ../telemetre_test_bsp//obj/HAL/src/crt0.o (alt_main)
../telemetre_test_bsp/\libhal_bsp.a(alt_usleep.o)
                              obj/default/uart_control.o (usleep)
../telemetre_test_bsp/\libhal_bsp.a(alt_sys_init.o)
                              ../telemetre_test_bsp/\libhal_bsp.a(alt_main.o) (alt_irq_init)
../telemetre_test_bsp/\libhal_bsp.a(altera_avalon_jtag_uart_fd.o)
                              ../telemetre_test_bsp/\libhal_bsp.a(alt_sys_init.o) (altera_avalon_jtag_uart_read_fd)
../telemetre_test_bsp/\libhal_bsp.a(altera_avalon_jtag_uart_init.o)
                              ../telemetre_test_bsp/\libhal_bsp.a(alt_sys_init.o) (altera_avalon_jtag_uart_init)
../telemetre_test_bsp/\libhal_bsp.a(altera_avalon_jtag_uart_ioctl.o)
                              ../telemetre_test_bsp/\libhal_bsp.a(altera_avalon_jtag_uart_fd.o) (altera_avalon_jtag_uart_ioctl)
../telemetre_test_bsp/\libhal_bsp.a(altera_avalon_jtag_uart_read.o)
                              ../telemetre_test_bsp/\libhal_bsp.a(altera_avalon_jtag_uart_fd.o) (altera_avalon_jtag_uart_read)
../telemetre_test_bsp/\libhal_bsp.a(altera_avalon_jtag_uart_write.o)
                              ../telemetre_test_bsp/\libhal_bsp.a(altera_avalon_jtag_uart_fd.o) (altera_avalon_jtag_uart_write)
../telemetre_test_bsp/\libhal_bsp.a(altera_avalon_timer_sc.o)
                              ../telemetre_test_bsp/\libhal_bsp.a(alt_sys_init.o) (alt_avalon_timer_sc_init)
../telemetre_test_bsp/\libhal_bsp.a(alt_alarm_start.o)
                              ../telemetre_test_bsp/\libhal_bsp.a(altera_avalon_jtag_uart_init.o) (alt_alarm_start)
../telemetre_test_bsp/\libhal_bsp.a(alt_busy_sleep.o)
                              ../telemetre_test_bsp/\libhal_bsp.a(alt_usleep.o) (alt_busy_sleep)
../telemetre_test_bsp/\libhal_bsp.a(alt_close.o)
                              ../telemetre_test_bsp/\libhal_bsp.a(alt_main.o) (close)
../telemetre_test_bsp/\libhal_bsp.a(alt_dcache_flush_all.o)
                              ../telemetre_test_bsp/\libhal_bsp.a(alt_load.o) (alt_dcache_flush_all)
../telemetre_test_bsp/\libhal_bsp.a(alt_dev.o)
                              ../telemetre_test_bsp/\libhal_bsp.a(alt_sys_init.o) (alt_dev_list)
../telemetre_test_bsp/\libhal_bsp.a(alt_dev_llist_insert.o)
                              ../telemetre_test_bsp/\libhal_bsp.a(alt_sys_init.o) (alt_dev_llist_insert)
../telemetre_test_bsp/\libhal_bsp.a(alt_do_ctors.o)
                              ../telemetre_test_bsp/\libhal_bsp.a(alt_main.o) (_do_ctors)
../telemetre_test_bsp/\libhal_bsp.a(alt_do_dtors.o)
                              ../telemetre_test_bsp/\libhal_bsp.a(alt_main.o) (_do_dtors)
../telemetre_test_bsp/\libhal_bsp.a(alt_errno.o)
                              ../telemetre_test_bsp/\libhal_bsp.a(alt_close.o) (alt_errno)
../telemetre_test_bsp/\libhal_bsp.a(alt_icache_flush_all.o)
                              ../telemetre_test_bsp/\libhal_bsp.a(alt_load.o) (alt_icache_flush_all)
../telemetre_test_bsp/\libhal_bsp.a(alt_iic.o)
                              ../telemetre_test_bsp/\libhal_bsp.a(altera_avalon_jtag_uart_init.o) (alt_ic_isr_register)
../telemetre_test_bsp/\libhal_bsp.a(alt_iic_isr_register.o)
                              ../telemetre_test_bsp/\libhal_bsp.a(alt_iic.o) (alt_iic_isr_register)
../telemetre_test_bsp/\libhal_bsp.a(alt_io_redirect.o)
                              ../telemetre_test_bsp/\libhal_bsp.a(alt_main.o) (alt_io_redirect)
../telemetre_test_bsp/\libhal_bsp.a(alt_irq_entry.o)
                              ../telemetre_test_bsp/\libhal_bsp.a(alt_iic_isr_register.o) (alt_irq_entry)
../telemetre_test_bsp/\libhal_bsp.a(alt_irq_handler.o)
                              ../telemetre_test_bsp/\libhal_bsp.a(alt_iic_isr_register.o) (alt_irq)
../telemetre_test_bsp/\libhal_bsp.a(alt_irq_vars.o)
                              ../telemetre_test_bsp/\libhal_bsp.a(alt_iic.o) (alt_irq_active)
../telemetre_test_bsp/\libhal_bsp.a(alt_open.o)
                              ../telemetre_test_bsp/\libhal_bsp.a(alt_io_redirect.o) (open)
../telemetre_test_bsp/\libhal_bsp.a(alt_release_fd.o)
                              ../telemetre_test_bsp/\libhal_bsp.a(alt_close.o) (alt_release_fd)
../telemetre_test_bsp/\libhal_bsp.a(alt_tick.o)
                              ../telemetre_test_bsp/\libhal_bsp.a(altera_avalon_jtag_uart_init.o) (_alt_tick_rate)
../telemetre_test_bsp/\libhal_bsp.a(altera_nios2_gen2_irq.o)
                              ../telemetre_test_bsp/\libhal_bsp.a(alt_sys_init.o) (altera_nios2_gen2_irq_init)
../telemetre_test_bsp/\libhal_bsp.a(alt_exception_entry.o)
                              ../telemetre_test_bsp/\libhal_bsp.a(alt_irq_entry.o) (alt_exception)
../telemetre_test_bsp/\libhal_bsp.a(alt_find_dev.o)
[...]
Memory Configuration

Name             Origin             Length             Attributes
reset            0x0000000000000000 0x0000000000000020
SDRAM            0x0000000000000020 0x0000000003ffffe0
Onchip_SRAM      0x0000000008000000 0x0000000000010000
VGA_Subsystem_Char_Buf_Subsystem_Onchip_SRAM 0x0000000009000000 0x0000000000002000
*default*        0x0000000000000000 0xffffffffffffffff

Linker script and memory map

LOAD ../telemetre_test_bsp//obj/HAL/src/crt0.o
LOAD obj/default/uart_control.o
LOAD c:/intelfpga_lite/18.1/nios2eds/bin/gnu/h-x86_64-mingw32/bin/../lib/gcc/nios2-elf/5.3.0/../../../../../H-x86_64-mingw32/nios2-elf/lib/mno-hw-mul\libstdc++.a
LOAD c:/intelfpga_lite/18.1/nios2eds/bin/gnu/h-x86_64-mingw32/bin/../lib/gcc/nios2-elf/5.3.0/../../../../../H-x86_64-mingw32/nios2-elf/lib/mno-hw-mul\libm.a
LOAD c:/intelfpga_lite/18.1/nios2eds/bin/gnu/h-x86_64-mingw32/bin/../lib/gcc/nios2-elf/5.3.0/mno-hw-mul\libgcc.a
START GROUP
LOAD c:/intelfpga_lite/18.1/nios2eds/bin/gnu/h-x86_64-mingw32/bin/../lib/gcc/nios2-elf/5.3.0/../../../../../H-x86_64-mingw32/nios2-elf/lib/mno-hw-mul\libc.a
LOAD c:/intelfpga_lite/18.1/nios2eds/bin/gnu/h-x86_64-mingw32/bin/../lib/gcc/nios2-elf/5.3.0/mno-hw-mul\libgcc.a
LOAD ../telemetre_test_bsp/\libhal_bsp.a
LOAD c:/intelfpga_lite/18.1/nios2eds/bin/gnu/h-x86_64-mingw32/bin/../lib/gcc/nios2-elf/5.3.0/../../../../../H-x86_64-mingw32/nios2-elf/lib/mno-hw-mul\libm.a
END GROUP
LOAD c:/intelfpga_lite/18.1/nios2eds/bin/gnu/h-x86_64-mingw32/bin/../lib/gcc/nios2-elf/5.3.0/mno-hw-mul\libgcc.a
                0x0000000000000000                __alt_mem_SDRAM = 0x0
                0x0000000008000000                __alt_mem_Onchip_SRAM = 0x8000000
                0x0000000009000000                __alt_mem_VGA_Subsystem_Char_Buf_Subsystem_Onchip_SRAM = 0x9000000

.entry          0x0000000000000000       0x20
 *(.entry)
 .entry         0x0000000000000000       0x20 ../telemetre_test_bsp//obj/HAL/src/crt0.o
                0x0000000000000000                __reset

.exceptions     0x0000000000000020      0x210
                0x0000000000000020                PROVIDE (__ram_exceptions_start, ABSOLUTE (.))
                0x0000000000000020                . = ALIGN (0x20)
 *(.irq)
 *(.exceptions.entry.label)
 .exceptions.entry.label
                0x0000000000000020        0x0 ../telemetre_test_bsp/\libhal_bsp.a(alt_irq_entry.o)
                0x0000000000000020                alt_irq_entry
 .exceptions.entry.label
                0x0000000000000020        0x0 ../telemetre_test_bsp/\libhal_bsp.a(alt_exception_entry.o)
                0x0000000000000020                alt_exception
 *(.exceptions.entry.user)
 *(.exceptions.entry.ecc_fatal)
 *(.exceptions.entry)
 .exceptions.entry
                0x0000000000000020       0x54 ../telemetre_test_bsp/\libhal_bsp.a(alt_exception_entry.o)
 *(.exceptions.irqtest.user)
 *(.exceptions.irqtest)
 .exceptions.irqtest
                0x0000000000000074       0x10 ../telemetre_test_bsp/\libhal_bsp.a(alt_irq_entry.o)
 *(.exceptions.irqhandler.user)
 *(.exceptions.irqhandler)
 .exceptions.irqhandler
                0x0000000000000084        0x4 ../telemetre_test_bsp/\libhal_bsp.a(alt_irq_entry.o)
 *(.exceptions.irqreturn.user)
 *(.exceptions.irqreturn)
 .exceptions.irqreturn
                0x0000000000000088        0x4 ../telemetre_test_bsp/\libhal_bsp.a(alt_irq_entry.o)
 *(.exceptions.notirq.label)
 .exceptions.notirq.label
                0x000000000000008c        0x0 ../telemetre_test_bsp/\libhal_bsp.a(alt_irq_entry.o)
 *(.exceptions.notirq.user)
 *(.exceptions.notirq)
 .exceptions.notirq
                0x000000000000008c        0x8 ../telemetre_test_bsp/\libhal_bsp.a(alt_exception_entry.o)
 *(.exceptions.soft.user)
 *(.exceptions.soft)
 *(.exceptions.unknown.user)
 *(.exceptions.unknown)
 .exceptions.unknown
                0x0000000000000094       0x14 ../telemetre_test_bsp/\libhal_bsp.a(alt_exception_entry.o)
 *(.exceptions.exit.label)
 .exceptions.exit.label
                0x00000000000000a8        0x0 ../telemetre_test_bsp/\libhal_bsp.a(alt_irq_entry.o)
 .exceptions.exit.label
                0x00000000000000a8        0x0 ../telemetre_test_bsp/\libhal_bsp.a(alt_exception_entry.o)
 *(.exceptions.exit.user)
 *(.exceptions.exit)
 .exceptions.exit
                0x00000000000000a8       0x54 ../telemetre_test_bsp/\libhal_bsp.a(alt_exception_entry.o)
 *(.exceptions)
 .exceptions    0x00000000000000fc       0xd4 ../telemetre_test_bsp/\libhal_bsp.a(alt_irq_handler.o)
                0x00000000000000fc                alt_irq_handler
 .exceptions    0x00000000000001d0       0x60 ../telemetre_test_bsp/\libhal_bsp.a(alt_instruction_exception_entry.o)
                0x00000000000001d0                alt_instruction_exception_entry
                0x0000000000000230                PROVIDE (__ram_exceptions_end, ABSOLUTE (.))
                0x0000000000000020                PROVIDE (__flash_exceptions_start, LOADADDR (.exceptions))

.text           0x0000000000000230     0x2f50
                [!provide]                        PROVIDE (stext, ABSOLUTE (.))
 *(.interp)
 *(.hash)
 *(.dynsym)
 *(.dynstr)
 *(.gnu.version)
 *(.gnu.version_d)
 *(.gnu.version_r)
 *(.rel.init)
 *(.rela.init)
 *(.rel.text .rel.text.* .rel.gnu.linkonce.t.*)
 *(.rela.text .rela.text.* .rela.gnu.linkonce.t.*)
 *(.rel.fini)
 *(.rela.fini)
 *(.rel.rodata .rel.rodata.* .rel.gnu.linkonce.r.*)
 *(.rela.rodata .rela.rodata.* .rela.gnu.linkonce.r.*)
 *(.rel.data .rel.data.* .rel.gnu.linkonce.d.*)
 *(.rela.data .rela.data.* .rela.gnu.linkonce.d.*)
 *(.rel.tdata .rel.tdata.* .rel.gnu.linkonce.td.*)
 *(.rela.tdata .rela.tdata.* .rela.gnu.linkonce.td.*)
 *(.rel.tbss .rel.tbss.* .rel.gnu.linkonce.tb.*)
 *(.rela.tbss .rela.tbss.* .rela.gnu.linkonce.tb.*)
 *(.rel.ctors)
 *(.rela.ctors)
 *(.rel.dtors)
 *(.rela.dtors)
 *(.rel.got)
 *(.rela.got)
 *(.rel.sdata .rel.sdata.* .rel.gnu.linkonce.s.*)
 *(.rela.sdata .rela.sdata.* .rela.gnu.linkonce.s.*)
 *(.rel.sbss .rel.sbss.* .rel.gnu.linkonce.sb.*)
 *(.rela.sbss .rela.sbss.* .rela.gnu.linkonce.sb.*)
 *(.rel.sdata2 .rel.sdata2.* .rel.gnu.linkonce.s2.*)
 *(.rela.sdata2 .rela.sdata2.* .rela.gnu.linkonce.s2.*)
 *(.rel.sbss2 .rel.sbss2.* .rel.gnu.linkonce.sb2.*)
 *(.rela.sbss2 .rela.sbss2.* .rela.gnu.linkonce.sb2.*)
 *(.rel.bss .rel.bss.* .rel.gnu.linkonce.b.*)
 *(.rela.bss .rela.bss.* .rela.gnu.linkonce.b.*)
 *(.rel.plt)
 *(.rela.plt)
 *(.rel.dyn)
 *(.init)
 *(.plt)
 *(.text .stub .text.* .gnu.linkonce.t.*)
 .text          0x0000000000000230       0x3c ../telemetre_test_bsp//obj/HAL/src/crt0.o
                0x0000000000000230                _start
 .text          0x000000000000026c      0x294 obj/default/uart_control.o
                0x0000000000000414                main
 .text          0x0000000000000500       0xec ../telemetre_test_bsp/\libhal_bsp.a(alt_load.o)
                0x0000000000000568                alt_load
 .text          0x00000000000005ec       0x7c ../telemetre_test_bsp/\libhal_bsp.a(alt_main.o)
                0x00000000000005ec                alt_main
 .text          0x0000000000000668       0x30 ../telemetre_test_bsp/\libhal_bsp.a(alt_usleep.o)
                0x0000000000000668                usleep
 .text          0x0000000000000698      0x6d0 ../telemetre_test_bsp/\libhal_bsp.a(alt_sys_init.o)
                0x00000000000006cc                alt_irq_init
                0x0000000000000704                alt_sys_init
 .text          0x0000000000000d68      0x164 ../telemetre_test_bsp/\libhal_bsp.a(altera_avalon_jtag_uart_fd.o)
                0x0000000000000d68                altera_avalon_jtag_uart_read_fd
                0x0000000000000dc8                altera_avalon_jtag_uart_write_fd
                0x0000000000000e28                altera_avalon_jtag_uart_close_fd
                0x0000000000000e78                altera_avalon_jtag_uart_ioctl_fd
 .text          0x0000000000000ecc      0x3d4 ../telemetre_test_bsp/\libhal_bsp.a(altera_avalon_jtag_uart_init.o)
                0x0000000000000ecc                altera_avalon_jtag_uart_init
                0x0000000000001238                altera_avalon_jtag_uart_close
 .text          0x00000000000012a0       0xf0 ../telemetre_test_bsp/\libhal_bsp.a(altera_avalon_jtag_uart_ioctl.o)
                0x00000000000012a0                altera_avalon_jtag_uart_ioctl
 .text          0x0000000000001390      0x21c ../telemetre_test_bsp/\libhal_bsp.a(altera_avalon_jtag_uart_read.o)
                0x0000000000001390                altera_avalon_jtag_uart_read
 .text          0x00000000000015ac      0x224 ../telemetre_test_bsp/\libhal_bsp.a(altera_avalon_jtag_uart_write.o)
                0x00000000000015ac                altera_avalon_jtag_uart_write
 .text          0x00000000000017d0       0xf4 ../telemetre_test_bsp/\libhal_bsp.a(altera_avalon_timer_sc.o)
                0x0000000000001848                alt_avalon_timer_sc_init
 .text          0x00000000000018c4      0x12c ../telemetre_test_bsp/\libhal_bsp.a(alt_alarm_start.o)
                0x00000000000018c4                alt_alarm_start
 .text          0x00000000000019f0      0x158 ../telemetre_test_bsp/\libhal_bsp.a(alt_busy_sleep.o)
                0x00000000000019f0                alt_busy_sleep
 .text          0x0000000000001b48      0x114 ../telemetre_test_bsp/\libhal_bsp.a(alt_close.o)
                0x0000000000001b84                close
 .text          0x0000000000001c5c       0x20 ../telemetre_test_bsp/\libhal_bsp.a(alt_dcache_flush_all.o)
                0x0000000000001c5c                alt_dcache_flush_all
 .text          0x0000000000001c7c       0x2c ../telemetre_test_bsp/\libhal_bsp.a(alt_dev.o)
 .text          0x0000000000001ca8       0xe0 ../telemetre_test_bsp/\libhal_bsp.a(alt_dev_llist_insert.o)
                0x0000000000001ce4                alt_dev_llist_insert
 .text          0x0000000000001d88       0x60 ../telemetre_test_bsp/\libhal_bsp.a(alt_do_ctors.o)
                0x0000000000001d88                _do_ctors
 .text          0x0000000000001de8       0x60 ../telemetre_test_bsp/\libhal_bsp.a(alt_do_dtors.o)
                0x0000000000001de8                _do_dtors
 .text          0x0000000000001e48        0x0 ../telemetre_test_bsp/\libhal_bsp.a(alt_errno.o)
 .text          0x0000000000001e48       0x20 ../telemetre_test_bsp/\libhal_bsp.a(alt_icache_flush_all.o)
                0x0000000000001e48                alt_icache_flush_all
 .text          0x0000000000001e68      0x1b0 ../telemetre_test_bsp/\libhal_bsp.a(alt_iic.o)
                0x0000000000001e68                alt_ic_isr_register
                0x0000000000001eb8                alt_ic_irq_enable
                0x0000000000001f40                alt_ic_irq_disable
                0x0000000000001fcc                alt_ic_irq_enabled
 .text          0x0000000000002018       0xf0 ../telemetre_test_bsp/\libhal_bsp.a(alt_iic_isr_register.o)
                0x0000000000002018                alt_iic_isr_register
 .text          0x0000000000002108      0x160 ../telemetre_test_bsp/\libhal_bsp.a(alt_io_redirect.o)
                0x00000000000021ec                alt_io_redirect
 .text          0x0000000000002268        0x0 ../telemetre_test_bsp/\libhal_bsp.a(alt_irq_entry.o)
 .text          0x0000000000002268        0x0 ../telemetre_test_bsp/\libhal_bsp.a(alt_irq_handler.o)
 .text          0x0000000000002268        0x0 ../telemetre_test_bsp/\libhal_bsp.a(alt_irq_vars.o)
 .text          0x0000000000002268      0x284 ../telemetre_test_bsp/\libhal_bsp.a(alt_open.o)
                0x0000000000002390                open
 .text          0x00000000000024ec       0x84 ../telemetre_test_bsp/\libhal_bsp.a(alt_release_fd.o)
                0x00000000000024ec                alt_release_fd
 .text          0x0000000000002570      0x1a4 ../telemetre_test_bsp/\libhal_bsp.a(alt_tick.o)
                0x0000000000002570                alt_alarm_stop
                0x000000000000260c                alt_tick
 .text          0x0000000000002714       0x24 ../telemetre_test_bsp/\libhal_bsp.a(altera_nios2_gen2_irq.o)
                0x0000000000002714                altera_nios2_gen2_irq_init
 .text          0x0000000000002738        0x0 ../telemetre_test_bsp/\libhal_bsp.a(alt_exception_entry.o)
 .text          0x0000000000002738       0x90 ../telemetre_test_bsp/\libhal_bsp.a(alt_find_dev.o)
                0x0000000000002738                alt_find_dev
 .text          0x00000000000027c8      0x108 ../telemetre_test_bsp/\libhal_bsp.a(alt_find_file.o)
                0x00000000000027c8                alt_find_file
 .text          0x00000000000028d0       0xc4 ../telemetre_test_bsp/\libhal_bsp.a(alt_get_fd.o)
                0x00000000000028d0                alt_get_fd
 .text          0x0000000000002994       0x9c ../telemetre_test_bsp/\libhal_bsp.a(alt_instruction_exception_entry.o)
                0x0000000000002994                alt_exception_cause_generated_bad_addr
 .text          0x0000000000002a30        0x0 c:/intelfpga_lite/18.1/nios2eds/bin/gnu/h-x86_64-mingw32/bin/../lib/gcc/nios2-elf/5.3.0/../../../../../H-x86_64-mingw32/nios2-elf/lib/mno-hw-mul\libc.a(lib_a-atexit.o)
 .text.atexit   0x0000000000002a30       0x14 c:/intelfpga_lite/18.1/nios2eds/bin/gnu/h-x86_64-mingw32/bin/../lib/gcc/nios2-elf/5.3.0/../../../../../H-x86_64-mingw32/nios2-elf/lib/mno-hw-mul\libc.a(lib_a-atexit.o)
                0x0000000000002a30                atexit
 .text          0x0000000000002a44        0x0 c:/intelfpga_lite/18.1/nios2eds/bin/gnu/h-x86_64-mingw32/bin/../lib/gcc/nios2-elf/5.3.0/../../../../../H-x86_64-mingw32/nios2-elf/lib/mno-hw-mul\libc.a(lib_a-exit.o)
 .text.exit     0x0000000000002a44       0x38 c:/intelfpga_lite/18.1/nios2eds/bin/gnu/h-x86_64-mingw32/bin/../lib/gcc/nios2-elf/5.3.0/../../../../../H-x86_64-mingw32/nios2-elf/lib/mno-hw-mul\libc.a(lib_a-exit.o)
                0x0000000000002a44                exit
 .text          0x0000000000002a7c        0x0 c:/intelfpga_lite/18.1/nios2eds/bin/gnu/h-x86_64-mingw32/bin/../lib/gcc/nios2-elf/5.3.0/../../../../../H-x86_64-mingw32/nios2-elf/lib/mno-hw-mul\libc.a(lib_a-impure.o)
 .text          0x0000000000002a7c        0x0 c:/intelfpga_lite/18.1/nios2eds/bin/gnu/h-x86_64-mingw32/bin/../lib/gcc/nios2-elf/5.3.0/../../../../../H-x86_64-mingw32/nios2-elf/lib/mno-hw-mul\libc.a(lib_a-int_errno.o)
 .text          0x0000000000002a7c        0x0 c:/intelfpga_lite/18.1/nios2eds/bin/gnu/h-x86_64-mingw32/bin/../lib/gcc/nios2-elf/5.3.0/../../../../../H-x86_64-mingw32/nios2-elf/lib/mno-hw-mul\libc.a(lib_a-memcmp.o)
 .text.memcmp   0x0000000000002a7c       0x7c c:/intelfpga_lite/18.1/nios2eds/bin/gnu/h-x86_64-mingw32/bin/../lib/gcc/nios2-elf/5.3.0/../../../../../H-x86_64-mingw32/nios2-elf/lib/mno-hw-mul\libc.a(lib_a-memcmp.o)
                0x0000000000002a7c                memcmp
 .text          0x0000000000002af8        0x0 c:/intelfpga_lite/18.1/nios2eds/bin/gnu/h-x86_64-mingw32/bin/../lib/gcc/nios2-elf/5.3.0/../../../../../H-x86_64-mingw32/nios2-elf/lib/mno-hw-mul\libc.a(lib_a-memcpy.o)
 .text.memcpy   0x0000000000002af8      0x148 c:/intelfpga_lite/18.1/nios2eds/bin/gnu/h-x86_64-mingw32/bin/../lib/gcc/nios2-elf/5.3.0/../../../../../H-x86_64-mingw32/nios2-elf/lib/mno-hw-mul\libc.a(lib_a-memcpy.o)
                0x0000000000002af8                memcpy
 .text          0x0000000000002c40        0x0 c:/intelfpga_lite/18.1/nios2eds/bin/gnu/h-x86_64-mingw32/bin/../lib/gcc/nios2-elf/5.3.0/../../../../../H-x86_64-mingw32/nios2-elf/lib/mno-hw-mul\libc.a(lib_a-strlen.o)
 .text.strlen   0x0000000000002c40       0x98 c:/intelfpga_lite/18.1/nios2eds/bin/gnu/h-x86_64-mingw32/bin/../lib/gcc/nios2-elf/5.3.0/../../../../../H-x86_64-mingw32/nios2-elf/lib/mno-hw-mul\libc.a(lib_a-strlen.o)
                0x0000000000002c40                strlen
 .text          0x0000000000002cd8        0x0 c:/intelfpga_lite/18.1/nios2eds/bin/gnu/h-x86_64-mingw32/bin/../lib/gcc/nios2-elf/5.3.0/../../../../../H-x86_64-mingw32/nios2-elf/lib/mno-hw-mul\libc.a(lib_a-__atexit.o)
 .text.__register_exitproc
                0x0000000000002cd8      0x118 c:/intelfpga_lite/18.1/nios2eds/bin/gnu/h-x86_64-mingw32/bin/../lib/gcc/nios2-elf/5.3.0/../../../../../H-x86_64-mingw32/nios2-elf/lib/mno-hw-mul\libc.a(lib_a-__atexit.o)
                0x0000000000002cd8                __register_exitproc
 .text          0x0000000000002df0        0x0 c:/intelfpga_lite/18.1/nios2eds/bin/gnu/h-x86_64-mingw32/bin/../lib/gcc/nios2-elf/5.3.0/../../../../../H-x86_64-mingw32/nios2-elf/lib/mno-hw-mul\libc.a(lib_a-__call_atexit.o)
 .text.__call_exitprocs
                0x0000000000002df0      0x180 c:/intelfpga_lite/18.1/nios2eds/bin/gnu/h-x86_64-mingw32/bin/../lib/gcc/nios2-elf/5.3.0/../../../../../H-x86_64-mingw32/nios2-elf/lib/mno-hw-mul\libc.a(lib_a-__call_atexit.o)
                0x0000000000002df0                __call_exitprocs
 .text          0x0000000000002f70      0x1b4 c:/intelfpga_lite/18.1/nios2eds/bin/gnu/h-x86_64-mingw32/bin/../lib/gcc/nios2-elf/5.3.0/mno-hw-mul\libgcc.a(lib2-divmod.o)
                0x0000000000002f70                __divsi3
                0x0000000000002ff4                __modsi3
                0x0000000000003068                __udivsi3
                0x00000000000030cc                __umodsi3
 .text          0x0000000000003124       0x28 c:/intelfpga_lite/18.1/nios2eds/bin/gnu/h-x86_64-mingw32/bin/../lib/gcc/nios2-elf/5.3.0/mno-hw-mul\libgcc.a(lib2-mul.o)
                0x0000000000003124                __mulsi3
 .text          0x000000000000314c       0x34 ../telemetre_test_bsp/\libhal_bsp.a(alt_exit.o)
                0x000000000000314c                _exit
 *(.gnu.warning.*)
 *(.fini)
                [!provide]                        PROVIDE (__etext, ABSOLUTE (.))
                [!provide]                        PROVIDE (_etext, ABSOLUTE (.))
                [!provide]                        PROVIDE (etext, ABSOLUTE (.))
 *(.eh_frame_hdr)
                0x0000000000003180                . = ALIGN (0x4)
                [!provide]                        PROVIDE (__preinit_array_start, ABSOLUTE (.))
 *(.preinit_array)
                [!provide]                        PROVIDE (__preinit_array_end, ABSOLUTE (.))
                [!provide]                        PROVIDE (__init_array_start, ABSOLUTE (.))
 *(.init_array)
                [!provide]                        PROVIDE (__init_array_end, ABSOLUTE (.))
                [!provide]                        PROVIDE (__fini_array_start, ABSOLUTE (.))
 *(.fini_array)
                [!provide]                        PROVIDE (__fini_array_end, ABSOLUTE (.))
 *(.eh_frame)
 *(.gcc_except_table .gcc_except_table.*)
 *(.dynamic)
                0x0000000000003180                PROVIDE (__CTOR_LIST__, ABSOLUTE (.))
 *(.ctors)
 *(SORT(.ctors.*))
                0x0000000000003180                PROVIDE (__CTOR_END__, ABSOLUTE (.))
                0x0000000000003180                PROVIDE (__DTOR_LIST__, ABSOLUTE (.))
 *(.dtors)
 *(SORT(.dtors.*))
                0x0000000000003180                PROVIDE (__DTOR_END__, ABSOLUTE (.))
 *(.jcr)
                0x0000000000003180                . = ALIGN (0x4)

.rodata         0x0000000000003180      0x178
                0x0000000000003180                PROVIDE (__ram_rodata_start, ABSOLUTE (.))
                0x0000000000003180                . = ALIGN (0x4)
 *(.rodata .rodata.* .gnu.linkonce.r.*)
 .rodata        0x0000000000003180       0xc1 obj/default/uart_control.o
 *fill*         0x0000000000003241        0x3 
 .rodata        0x0000000000003244        0xf ../telemetre_test_bsp/\libhal_bsp.a(alt_main.o)
 *fill*         0x0000000000003253        0x1 
 .rodata        0x0000000000003254       0x93 ../telemetre_test_bsp/\libhal_bsp.a(alt_sys_init.o)
 *fill*         0x00000000000032e7        0x1 
 .rodata        0x00000000000032e8        0xa ../telemetre_test_bsp/\libhal_bsp.a(alt_dev.o)
 *fill*         0x00000000000032f2        0x2 
 .rodata.str1.4
                0x00000000000032f4        0x4 c:/intelfpga_lite/18.1/nios2eds/bin/gnu/h-x86_64-mingw32/bin/../lib/gcc/nios2-elf/5.3.0/../../../../../H-x86_64-mingw32/nios2-elf/lib/mno-hw-mul\libc.a(lib_a-impure.o)
                                          0x2 (size before relaxing)
 *(.rodata1)
                0x00000000000032f8                . = ALIGN (0x4)
                0x00000000000032f8                PROVIDE (__ram_rodata_end, ABSOLUTE (.))
                0x0000000000003180                PROVIDE (__flash_rodata_start, LOADADDR (.rodata))

.rwdata         0x00000000000032f8     0x1754 load address 0x0000000000004a4c
                0x00000000000032f8                PROVIDE (__ram_rwdata_start, ABSOLUTE (.))
                0x00000000000032f8                . = ALIGN (0x4)
 *(.got.plt)
 *(.got)
 *(.data1)
 *(.data .data.* .gnu.linkonce.d.*)
 .data          0x00000000000032f8        0x0 ../telemetre_test_bsp//obj/HAL/src/crt0.o
 .data          0x00000000000032f8        0x0 obj/default/uart_control.o
 .data          0x00000000000032f8        0x0 ../telemetre_test_bsp/\libhal_bsp.a(alt_load.o)
 .data          0x00000000000032f8        0x0 ../telemetre_test_bsp/\libhal_bsp.a(alt_main.o)
 .data          0x00000000000032f8        0x0 ../telemetre_test_bsp/\libhal_bsp.a(alt_usleep.o)
 .data          0x00000000000032f8     0x115c ../telemetre_test_bsp/\libhal_bsp.a(alt_sys_init.o)
 .data          0x0000000000004454        0x0 ../telemetre_test_bsp/\libhal_bsp.a(altera_avalon_jtag_uart_fd.o)
 .data          0x0000000000004454        0x0 ../telemetre_test_bsp/\libhal_bsp.a(altera_avalon_jtag_uart_init.o)
 .data          0x0000000000004454        0x0 ../telemetre_test_bsp/\libhal_bsp.a(altera_avalon_jtag_uart_ioctl.o)
 .data          0x0000000000004454        0x0 ../telemetre_test_bsp/\libhal_bsp.a(altera_avalon_jtag_uart_read.o)
 .data          0x0000000000004454        0x0 ../telemetre_test_bsp/\libhal_bsp.a(altera_avalon_jtag_uart_write.o)
 .data          0x0000000000004454        0x0 ../telemetre_test_bsp/\libhal_bsp.a(altera_avalon_timer_sc.o)
 .data          0x0000000000004454        0x0 ../telemetre_test_bsp/\libhal_bsp.a(alt_alarm_start.o)
 .data          0x0000000000004454        0x0 ../telemetre_test_bsp/\libhal_bsp.a(alt_busy_sleep.o)
 .data          0x0000000000004454        0x0 ../telemetre_test_bsp/\libhal_bsp.a(alt_close.o)
 .data          0x0000000000004454        0x0 ../telemetre_test_bsp/\libhal_bsp.a(alt_dcache_flush_all.o)
 .data          0x0000000000004454      0x1a8 ../telemetre_test_bsp/\libhal_bsp.a(alt_dev.o)
                0x0000000000004454                alt_dev_null
                0x000000000000447c                alt_fd_list
 .data          0x00000000000045fc        0x0 ../telemetre_test_bsp/\libhal_bsp.a(alt_dev_llist_insert.o)
 .data          0x00000000000045fc        0x0 ../telemetre_test_bsp/\libhal_bsp.a(alt_do_ctors.o)
 .data          0x00000000000045fc        0x0 ../telemetre_test_bsp/\libhal_bsp.a(alt_do_dtors.o)
 .data          0x00000000000045fc        0x0 ../telemetre_test_bsp/\libhal_bsp.a(alt_errno.o)
 .data          0x00000000000045fc        0x0 ../telemetre_test_bsp/\libhal_bsp.a(alt_icache_flush_all.o)
 .data          0x00000000000045fc        0x0 ../telemetre_test_bsp/\libhal_bsp.a(alt_iic.o)
 .data          0x00000000000045fc        0x0 ../telemetre_test_bsp/\libhal_bsp.a(alt_iic_isr_register.o)
 .data          0x00000000000045fc        0x0 ../telemetre_test_bsp/\libhal_bsp.a(alt_io_redirect.o)
 .data          0x00000000000045fc        0x0 ../telemetre_test_bsp/\libhal_bsp.a(alt_irq_entry.o)
 .data          0x00000000000045fc        0x0 ../telemetre_test_bsp/\libhal_bsp.a(alt_irq_handler.o)
 .data          0x00000000000045fc        0x0 ../telemetre_test_bsp/\libhal_bsp.a(alt_irq_vars.o)
 .data          0x00000000000045fc        0x0 ../telemetre_test_bsp/\libhal_bsp.a(alt_open.o)
 .data          0x00000000000045fc        0x0 ../telemetre_test_bsp/\libhal_bsp.a(alt_release_fd.o)
 .data          0x00000000000045fc        0x0 ../telemetre_test_bsp/\libhal_bsp.a(alt_tick.o)
 .data          0x00000000000045fc        0x0 ../telemetre_test_bsp/\libhal_bsp.a(altera_nios2_gen2_irq.o)
 .data          0x00000000000045fc        0x0 ../telemetre_test_bsp/\libhal_bsp.a(alt_exception_entry.o)
 .data          0x00000000000045fc        0x0 ../telemetre_test_bsp/\libhal_bsp.a(alt_find_dev.o)
 .data          0x00000000000045fc        0x0 ../telemetre_test_bsp/\libhal_bsp.a(alt_find_file.o)
 .data          0x00000000000045fc        0x0 ../telemetre_test_bsp/\libhal_bsp.a(alt_get_fd.o)
 .data          0x00000000000045fc        0x0 ../telemetre_test_bsp/\libhal_bsp.a(alt_instruction_exception_entry.o)
 .data          0x00000000000045fc        0x0 c:/intelfpga_lite/18.1/nios2eds/bin/gnu/h-x86_64-mingw32/bin/../lib/gcc/nios2-elf/5.3.0/../../../../../H-x86_64-mingw32/nios2-elf/lib/mno-hw-mul\libc.a(lib_a-atexit.o)
 .data          0x00000000000045fc        0x0 c:/intelfpga_lite/18.1/nios2eds/bin/gnu/h-x86_64-mingw32/bin/../lib/gcc/nios2-elf/5.3.0/../../../../../H-x86_64-mingw32/nios2-elf/lib/mno-hw-mul\libc.a(lib_a-exit.o)
 .data          0x00000000000045fc        0x0 c:/intelfpga_lite/18.1/nios2eds/bin/gnu/h-x86_64-mingw32/bin/../lib/gcc/nios2-elf/5.3.0/../../../../../H-x86_64-mingw32/nios2-elf/lib/mno-hw-mul\libc.a(lib_a-impure.o)
 .data.impure_data
                0x00000000000045fc      0x424 c:/intelfpga_lite/18.1/nios2eds/bin/gnu/h-x86_64-mingw32/bin/../lib/gcc/nios2-elf/5.3.0/../../../../../H-x86_64-mingw32/nios2-elf/lib/mno-hw-mul\libc.a(lib_a-impure.o)
 .data          0x0000000000004a20        0x0 c:/intelfpga_lite/18.1/nios2eds/bin/gnu/h-x86_64-mingw32/bin/../lib/gcc/nios2-elf/5.3.0/../../../../../H-x86_64-mingw32/nios2-elf/lib/mno-hw-mul\libc.a(lib_a-int_errno.o)
 .data          0x0000000000004a20        0x0 c:/intelfpga_lite/18.1/nios2eds/bin/gnu/h-x86_64-mingw32/bin/../lib/gcc/nios2-elf/5.3.0/../../../../../H-x86_64-mingw32/nios2-elf/lib/mno-hw-mul\libc.a(lib_a-memcmp.o)
 .data          0x0000000000004a20        0x0 c:/intelfpga_lite/18.1/nios2eds/bin/gnu/h-x86_64-mingw32/bin/../lib/gcc/nios2-elf/5.3.0/../../../../../H-x86_64-mingw32/nios2-elf/lib/mno-hw-mul\libc.a(lib_a-memcpy.o)
 .data          0x0000000000004a20        0x0 c:/intelfpga_lite/18.1/nios2eds/bin/gnu/h-x86_64-mingw32/bin/../lib/gcc/nios2-elf/5.3.0/../../../../../H-x86_64-mingw32/nios2-elf/lib/mno-hw-mul\libc.a(lib_a-strlen.o)
 .data          0x0000000000004a20        0x0 c:/intelfpga_lite/18.1/nios2eds/bin/gnu/h-x86_64-mingw32/bin/../lib/gcc/nios2-elf/5.3.0/../../../../../H-x86_64-mingw32/nios2-elf/lib/mno-hw-mul\libc.a(lib_a-__atexit.o)
 .data          0x0000000000004a20        0x0 c:/intelfpga_lite/18.1/nios2eds/bin/gnu/h-x86_64-mingw32/bin/../lib/gcc/nios2-elf/5.3.0/../../../../../H-x86_64-mingw32/nios2-elf/lib/mno-hw-mul\libc.a(lib_a-__call_atexit.o)
 .data          0x0000000000004a20        0x0 c:/intelfpga_lite/18.1/nios2eds/bin/gnu/h-x86_64-mingw32/bin/../lib/gcc/nios2-elf/5.3.0/mno-hw-mul\libgcc.a(lib2-divmod.o)
 .data          0x0000000000004a20        0x0 c:/intelfpga_lite/18.1/nios2eds/bin/gnu/h-x86_64-mingw32/bin/../lib/gcc/nios2-elf/5.3.0/mno-hw-mul\libgcc.a(lib2-mul.o)
 .data          0x0000000000004a20        0x0 ../telemetre_test_bsp/\libhal_bsp.a(alt_exit.o)
                0x000000000000ca20                _gp = ABSOLUTE ((. + 0x8000))
                [!provide]                        PROVIDE (gp, _gp)
 *(.rwdata .rwdata.*)
 *(.sdata .sdata.* .gnu.linkonce.s.*)
 .sdata         0x0000000000004a20       0x14 ../telemetre_test_bsp/\libhal_bsp.a(alt_dev.o)
                0x0000000000004a20                alt_fs_list
                0x0000000000004a28                alt_dev_list
                0x0000000000004a30                alt_max_fd
 .sdata         0x0000000000004a34        0x4 ../telemetre_test_bsp/\libhal_bsp.a(alt_errno.o)
                0x0000000000004a34                alt_errno
 .sdata         0x0000000000004a38        0x4 ../telemetre_test_bsp/\libhal_bsp.a(alt_irq_vars.o)
                0x0000000000004a38                alt_priority_mask
 .sdata         0x0000000000004a3c        0x8 ../telemetre_test_bsp/\libhal_bsp.a(alt_tick.o)
                0x0000000000004a3c                alt_alarm_list
 .sdata._global_impure_ptr
                0x0000000000004a44        0x4 c:/intelfpga_lite/18.1/nios2eds/bin/gnu/h-x86_64-mingw32/bin/../lib/gcc/nios2-elf/5.3.0/../../../../../H-x86_64-mingw32/nios2-elf/lib/mno-hw-mul\libc.a(lib_a-impure.o)
                0x0000000000004a44                _global_impure_ptr
 .sdata._impure_ptr
                0x0000000000004a48        0x4 c:/intelfpga_lite/18.1/nios2eds/bin/gnu/h-x86_64-mingw32/bin/../lib/gcc/nios2-elf/5.3.0/../../../../../H-x86_64-mingw32/nios2-elf/lib/mno-hw-mul\libc.a(lib_a-impure.o)
                0x0000000000004a48                _impure_ptr
 *(.sdata2 .sdata2.* .gnu.linkonce.s2.*)
                0x0000000000004a4c                . = ALIGN (0x4)
                0x0000000000004a4c                _edata = ABSOLUTE (.)
                [!provide]                        PROVIDE (edata, ABSOLUTE (.))
                0x0000000000004a4c                PROVIDE (__ram_rwdata_end, ABSOLUTE (.))
                0x0000000000004a4c                PROVIDE (__flash_rwdata_start, LOADADDR (.rwdata))

.bss            0x00000000000061a0      0x124
                0x00000000000061a0                __bss_start = ABSOLUTE (.)
                [!provide]                        PROVIDE (__sbss_start, ABSOLUTE (.))
                [!provide]                        PROVIDE (___sbss_start, ABSOLUTE (.))
 *(.dynsbss)
 *(.sbss .sbss.* .gnu.linkonce.sb.*)
 .sbss          0x00000000000061a0        0x1 obj/default/uart_control.o
 *fill*         0x00000000000061a1        0x3 
 .sbss          0x00000000000061a4        0xc ../telemetre_test_bsp/\libhal_bsp.a(alt_main.o)
                0x00000000000061a4                alt_argc
                0x00000000000061a8                alt_argv
                0x00000000000061ac                alt_envp
 .sbss          0x00000000000061b0        0x4 ../telemetre_test_bsp/\libhal_bsp.a(alt_irq_vars.o)
                0x00000000000061b0                alt_irq_active
 .sbss          0x00000000000061b4        0x8 ../telemetre_test_bsp/\libhal_bsp.a(alt_tick.o)
                0x00000000000061b4                _alt_tick_rate
                0x00000000000061b8                _alt_nticks
 .sbss          0x00000000000061bc        0x4 ../telemetre_test_bsp/\libhal_bsp.a(alt_instruction_exception_entry.o)
                0x00000000000061bc                alt_instruction_exception_handler
 .sbss          0x00000000000061c0        0x4 c:/intelfpga_lite/18.1/nios2eds/bin/gnu/h-x86_64-mingw32/bin/../lib/gcc/nios2-elf/5.3.0/../../../../../H-x86_64-mingw32/nios2-elf/lib/mno-hw-mul\libc.a(lib_a-int_errno.o)
                0x00000000000061c0                errno
 *(.sbss2 .sbss2.* .gnu.linkonce.sb2.*)
 *(.scommon)
                [!provide]                        PROVIDE (__sbss_end, ABSOLUTE (.))
                [!provide]                        PROVIDE (___sbss_end, ABSOLUTE (.))
 *(.dynbss)
 *(.bss .bss.* .gnu.linkonce.b.*)
 .bss           0x00000000000061c4        0x0 ../telemetre_test_bsp//obj/HAL/src/crt0.o
 .bss           0x00000000000061c4        0x0 obj/default/uart_control.o
 .bss           0x00000000000061c4        0x0 ../telemetre_test_bsp/\libhal_bsp.a(alt_load.o)
 .bss           0x00000000000061c4        0x0 ../telemetre_test_bsp/\libhal_bsp.a(alt_main.o)
 .bss           0x00000000000061c4        0x0 ../telemetre_test_bsp/\libhal_bsp.a(alt_usleep.o)
 .bss           0x00000000000061c4        0x0 ../telemetre_test_bsp/\libhal_bsp.a(alt_sys_init.o)
 .bss           0x00000000000061c4        0x0 ../telemetre_test_bsp/\libhal_bsp.a(altera_avalon_jtag_uart_fd.o)
 .bss           0x00000000000061c4        0x0 ../telemetre_test_bsp/\libhal_bsp.a(altera_avalon_jtag_uart_init.o)
 .bss           0x00000000000061c4        0x0 ../telemetre_test_bsp/\libhal_bsp.a(altera_avalon_jtag_uart_ioctl.o)
 .bss           0x00000000000061c4        0x0 ../telemetre_test_bsp/\libhal_bsp.a(altera_avalon_jtag_uart_read.o)
 .bss           0x00000000000061c4        0x0 ../telemetre_test_bsp/\libhal_bsp.a(altera_avalon_jtag_uart_write.o)
 .bss           0x00000000000061c4        0x0 ../telemetre_test_bsp/\libhal_bsp.a(altera_avalon_timer_sc.o)
 .bss           0x00000000000061c4        0x0 ../telemetre_test_bsp/\libhal_bsp.a(alt_alarm_start.o)
 .bss           0x00000000000061c4        0x0 ../telemetre_test_bsp/\libhal_bsp.a(alt_busy_sleep.o)
 .bss           0x00000000000061c4        0x0 ../telemetre_test_bsp/\libhal_bsp.a(alt_close.o)
 .bss           0x00000000000061c4        0x0 ../telemetre_test_bsp/\libhal_bsp.a(alt_dcache_flush_all.o)
 .bss           0x00000000000061c4        0x0 ../telemetre_test_bsp/\libhal_bsp.a(alt_dev.o)
 .bss           0x00000000000061c4        0x0 ../telemetre_test_bsp/\libhal_bsp.a(alt_dev_llist_insert.o)
 .bss           0x00000000000061c4        0x0 ../telemetre_test_bsp/\libhal_bsp.a(alt_do_ctors.o)
 .bss           0x00000000000061c4        0x0 ../telemetre_test_bsp/\libhal_bsp.a(alt_do_dtors.o)
 .bss           0x00000000000061c4        0x0 ../telemetre_test_bsp/\libhal_bsp.a(alt_errno.o)
 .bss           0x00000000000061c4        0x0 ../telemetre_test_bsp/\libhal_bsp.a(alt_icache_flush_all.o)
 .bss           0x00000000000061c4        0x0 ../telemetre_test_bsp/\libhal_bsp.a(alt_iic.o)
 .bss           0x00000000000061c4        0x0 ../telemetre_test_bsp/\libhal_bsp.a(alt_iic_isr_register.o)
 .bss           0x00000000000061c4        0x0 ../telemetre_test_bsp/\libhal_bsp.a(alt_io_redirect.o)
 .bss           0x00000000000061c4        0x0 ../telemetre_test_bsp/\libhal_bsp.a(alt_irq_entry.o)
 .bss           0x00000000000061c4        0x0 ../telemetre_test_bsp/\libhal_bsp.a(alt_irq_handler.o)
 .bss           0x00000000000061c4        0x0 ../telemetre_test_bsp/\libhal_bsp.a(alt_irq_vars.o)
 .bss           0x00000000000061c4        0x0 ../telemetre_test_bsp/\libhal_bsp.a(alt_open.o)
 .bss           0x00000000000061c4        0x0 ../telemetre_test_bsp/\libhal_bsp.a(alt_release_fd.o)
 .bss           0x00000000000061c4        0x0 ../telemetre_test_bsp/\libhal_bsp.a(alt_tick.o)
 .bss           0x00000000000061c4        0x0 ../telemetre_test_bsp/\libhal_bsp.a(altera_nios2_gen2_irq.o)
 .bss           0x00000000000061c4        0x0 ../telemetre_test_bsp/\libhal_bsp.a(alt_exception_entry.o)
 .bss           0x00000000000061c4        0x0 ../telemetre_test_bsp/\libhal_bsp.a(alt_find_dev.o)
 .bss           0x00000000000061c4        0x0 ../telemetre_test_bsp/\libhal_bsp.a(alt_find_file.o)
 .bss           0x00000000000061c4        0x0 ../telemetre_test_bsp/\libhal_bsp.a(alt_get_fd.o)
 .bss           0x00000000000061c4        0x0 ../telemetre_test_bsp/\libhal_bsp.a(alt_instruction_exception_entry.o)
 .bss           0x00000000000061c4        0x0 c:/intelfpga_lite/18.1/nios2eds/bin/gnu/h-x86_64-mingw32/bin/../lib/gcc/nios2-elf/5.3.0/../../../../../H-x86_64-mingw32/nios2-elf/lib/mno-hw-mul\libc.a(lib_a-atexit.o)
 .bss           0x00000000000061c4        0x0 c:/intelfpga_lite/18.1/nios2eds/bin/gnu/h-x86_64-mingw32/bin/../lib/gcc/nios2-elf/5.3.0/../../../../../H-x86_64-mingw32/nios2-elf/lib/mno-hw-mul\libc.a(lib_a-exit.o)
 .bss           0x00000000000061c4        0x0 c:/intelfpga_lite/18.1/nios2eds/bin/gnu/h-x86_64-mingw32/bin/../lib/gcc/nios2-elf/5.3.0/../../../../../H-x86_64-mingw32/nios2-elf/lib/mno-hw-mul\libc.a(lib_a-impure.o)
 .bss           0x00000000000061c4        0x0 c:/intelfpga_lite/18.1/nios2eds/bin/gnu/h-x86_64-mingw32/bin/../lib/gcc/nios2-elf/5.3.0/../../../../../H-x86_64-mingw32/nios2-elf/lib/mno-hw-mul\libc.a(lib_a-int_errno.o)
 .bss           0x00000000000061c4        0x0 c:/intelfpga_lite/18.1/nios2eds/bin/gnu/h-x86_64-mingw32/bin/../lib/gcc/nios2-elf/5.3.0/../../../../../H-x86_64-mingw32/nios2-elf/lib/mno-hw-mul\libc.a(lib_a-memcmp.o)
 .bss           0x00000000000061c4        0x0 c:/intelfpga_lite/18.1/nios2eds/bin/gnu/h-x86_64-mingw32/bin/../lib/gcc/nios2-elf/5.3.0/../../../../../H-x86_64-mingw32/nios2-elf/lib/mno-hw-mul\libc.a(lib_a-memcpy.o)
 .bss           0x00000000000061c4        0x0 c:/intelfpga_lite/18.1/nios2eds/bin/gnu/h-x86_64-mingw32/bin/../lib/gcc/nios2-elf/5.3.0/../../../../../H-x86_64-mingw32/nios2-elf/lib/mno-hw-mul\libc.a(lib_a-strlen.o)
 .bss           0x00000000000061c4        0x0 c:/intelfpga_lite/18.1/nios2eds/bin/gnu/h-x86_64-mingw32/bin/../lib/gcc/nios2-elf/5.3.0/../../../../../H-x86_64-mingw32/nios2-elf/lib/mno-hw-mul\libc.a(lib_a-__atexit.o)
 .bss           0x00000000000061c4        0x0 c:/intelfpga_lite/18.1/nios2eds/bin/gnu/h-x86_64-mingw32/bin/../lib/gcc/nios2-elf/5.3.0/../../../../../H-x86_64-mingw32/nios2-elf/lib/mno-hw-mul\libc.a(lib_a-__call_atexit.o)
 .bss           0x00000000000061c4        0x0 c:/intelfpga_lite/18.1/nios2eds/bin/gnu/h-x86_64-mingw32/bin/../lib/gcc/nios2-elf/5.3.0/mno-hw-mul\libgcc.a(lib2-divmod.o)
 .bss           0x00000000000061c4        0x0 c:/intelfpga_lite/18.1/nios2eds/bin/gnu/h-x86_64-mingw32/bin/../lib/gcc/nios2-elf/5.3.0/mno-hw-mul\libgcc.a(lib2-mul.o)
 .bss           0x00000000000061c4        0x0 ../telemetre_test_bsp/\libhal_bsp.a(alt_exit.o)
 *(COMMON)
 COMMON         0x00000000000061c4      0x100 ../telemetre_test_bsp/\libhal_bsp.a(alt_irq_handler.o)
                0x00000000000061c4                alt_irq
                0x00000000000062c4                . = ALIGN (0x4)
                0x00000000000062c4                __bss_end = ABSOLUTE (.)

.SDRAM          0x00000000000062c4        0x0
                [!provide]                        PROVIDE (_alt_partition_SDRAM_start, ABSOLUTE (.))
 *(.SDRAM .SDRAM. SDRAM.*)
                0x00000000000062c4                . = ALIGN (0x4)
                [!provide]                        PROVIDE (_alt_partition_SDRAM_end, ABSOLUTE (.))
                0x00000000000062c4                _end = ABSOLUTE (.)
                0x00000000000062c4                end = ABSOLUTE (.)
                0x00000000000062c4                __alt_stack_base = ABSOLUTE (.)
                [!provide]                        PROVIDE (_alt_partition_SDRAM_load_addr, LOADADDR (.SDRAM))

.Onchip_SRAM    0x0000000008000000        0x0 load address 0x00000000000062c4
                [!provide]                        PROVIDE (_alt_partition_Onchip_SRAM_start, ABSOLUTE (.))
 *(.Onchip_SRAM .Onchip_SRAM. Onchip_SRAM.*)
                0x0000000008000000                . = ALIGN (0x4)
                [!provide]                        PROVIDE (_alt_partition_Onchip_SRAM_end, ABSOLUTE (.))
                [!provide]                        PROVIDE (_alt_partition_Onchip_SRAM_load_addr, LOADADDR (.Onchip_SRAM))

.VGA_Subsystem_Char_Buf_Subsystem_Onchip_SRAM
                0x0000000009000000        0x0 load address 0x00000000000062c4
                [!provide]                        PROVIDE (_alt_partition_VGA_Subsystem_Char_Buf_Subsystem_Onchip_SRAM_start, ABSOLUTE (.))
 *(.VGA_Subsystem_Char_Buf_Subsystem_Onchip_SRAM .VGA_Subsystem_Char_Buf_Subsystem_Onchip_SRAM. VGA_Subsystem_Char_Buf_Subsystem_Onchip_SRAM.*)
                0x0000000009000000                . = ALIGN (0x4)
                [!provide]                        PROVIDE (_alt_partition_VGA_Subsystem_Char_Buf_Subsystem_Onchip_SRAM_end, ABSOLUTE (.))
                [!provide]                        PROVIDE (_alt_partition_VGA_Subsystem_Char_Buf_Subsystem_Onchip_SRAM_load_addr, LOADADDR (.VGA_Subsystem_Char_Buf_Subsystem_Onchip_SRAM))

.stab
 *(.stab)

.stabstr
 *(.stabstr)

.stab.excl
 *(.stab.excl)

.stab.exclstr
 *(.stab.exclstr)

.stab.index
 *(.stab.index)

.stab.indexstr
 *(.stab.indexstr)

.comment        0x0000000000000000       0x23
 *(.comment)
 .comment       0x0000000000000000       0x23 obj/default/uart_control.o
                                         0x24 (size before relaxing)
 .comment       0x0000000000000023       0x24 ../telemetre_test_bsp/\libhal_bsp.a(alt_load.o)
 .comment       0x0000000000000023       0x24 ../telemetre_test_bsp/\libhal_bsp.a(alt_main.o)
 .comment       0x0000000000000023       0x24 ../telemetre_test_bsp/\libhal_bsp.a(alt_usleep.o)
 .comment       0x0000000000000023       0x24 ../telemetre_test_bsp/\libhal_bsp.a(alt_sys_init.o)
 .comment       0x0000000000000023       0x24 ../telemetre_test_bsp/\libhal_bsp.a(altera_avalon_jtag_uart_fd.o)
 .comment       0x0000000000000023       0x24 ../telemetre_test_bsp/\libhal_bsp.a(altera_avalon_jtag_uart_init.o)
 .comment       0x0000000000000023       0x24 ../telemetre_test_bsp/\libhal_bsp.a(altera_avalon_jtag_uart_ioctl.o)
 .comment       0x0000000000000023       0x24 ../telemetre_test_bsp/\libhal_bsp.a(altera_avalon_jtag_uart_read.o)
 .comment       0x0000000000000023       0x24 ../telemetre_test_bsp/\libhal_bsp.a(altera_avalon_jtag_uart_write.o)
 .comment       0x0000000000000023       0x24 ../telemetre_test_bsp/\libhal_bsp.a(altera_avalon_timer_sc.o)
 .comment       0x0000000000000023       0x24 ../telemetre_test_bsp/\libhal_bsp.a(alt_alarm_start.o)
 .comment       0x0000000000000023       0x24 ../telemetre_test_bsp/\libhal_bsp.a(alt_busy_sleep.o)
 .comment       0x0000000000000023       0x24 ../telemetre_test_bsp/\libhal_bsp.a(alt_close.o)
 .comment       0x0000000000000023       0x24 ../telemetre_test_bsp/\libhal_bsp.a(alt_dcache_flush_all.o)
 .comment       0x0000000000000023       0x24 ../telemetre_test_bsp/\libhal_bsp.a(alt_dev.o)
 .comment       0x0000000000000023       0x24 ../telemetre_test_bsp/\libhal_bsp.a(alt_dev_llist_insert.o)
 .comment       0x0000000000000023       0x24 ../telemetre_test_bsp/\libhal_bsp.a(alt_do_ctors.o)
 .comment       0x0000000000000023       0x24 ../telemetre_test_bsp/\libhal_bsp.a(alt_do_dtors.o)
 .comment       0x0000000000000023       0x24 ../telemetre_test_bsp/\libhal_bsp.a(alt_errno.o)
 .comment       0x0000000000000023       0x24 ../telemetre_test_bsp/\libhal_bsp.a(alt_icache_flush_all.o)
 .comment       0x0000000000000023       0x24 ../telemetre_test_bsp/\libhal_bsp.a(alt_iic.o)
 .comment       0x0000000000000023       0x24 ../telemetre_test_bsp/\libhal_bsp.a(alt_iic_isr_register.o)
 .comment       0x0000000000000023       0x24 ../telemetre_test_bsp/\libhal_bsp.a(alt_io_redirect.o)
 .comment       0x0000000000000023       0x24 ../telemetre_test_bsp/\libhal_bsp.a(alt_irq_handler.o)
 .comment       0x0000000000000023       0x24 ../telemetre_test_bsp/\libhal_bsp.a(alt_irq_vars.o)
 .comment       0x0000000000000023       0x24 ../telemetre_test_bsp/\libhal_bsp.a(alt_open.o)
 .comment       0x0000000000000023       0x24 ../telemetre_test_bsp/\libhal_bsp.a(alt_release_fd.o)
 .comment       0x0000000000000023       0x24 ../telemetre_test_bsp/\libhal_bsp.a(alt_tick.o)
 .comment       0x0000000000000023       0x24 ../telemetre_test_bsp/\libhal_bsp.a(altera_nios2_gen2_irq.o)
 .comment       0x0000000000000023       0x24 ../telemetre_test_bsp/\libhal_bsp.a(alt_find_dev.o)
 .comment       0x0000000000000023       0x24 ../telemetre_test_bsp/\libhal_bsp.a(alt_find_file.o)
 .comment       0x0000000000000023       0x24 ../telemetre_test_bsp/\libhal_bsp.a(alt_get_fd.o)
 .comment       0x0000000000000023       0x24 ../telemetre_test_bsp/\libhal_bsp.a(alt_instruction_exception_entry.o)
 .comment       0x0000000000000023       0x24 c:/intelfpga_lite/18.1/nios2eds/bin/gnu/h-x86_64-mingw32/bin/../lib/gcc/nios2-elf/5.3.0/../../../../../H-x86_64-mingw32/nios2-elf/lib/mno-hw-mul\libc.a(lib_a-atexit.o)
 .comment       0x0000000000000023       0x24 c:/intelfpga_lite/18.1/nios2eds/bin/gnu/h-x86_64-mingw32/bin/../lib/gcc/nios2-elf/5.3.0/../../../../../H-x86_64-mingw32/nios2-elf/lib/mno-hw-mul\libc.a(lib_a-exit.o)
 .comment       0x0000000000000023       0x24 c:/intelfpga_lite/18.1/nios2eds/bin/gnu/h-x86_64-mingw32/bin/../lib/gcc/nios2-elf/5.3.0/../../../../../H-x86_64-mingw32/nios2-elf/lib/mno-hw-mul\libc.a(lib_a-impure.o)
 .comment       0x0000000000000023       0x24 c:/intelfpga_lite/18.1/nios2eds/bin/gnu/h-x86_64-mingw32/bin/../lib/gcc/nios2-elf/5.3.0/../../../../../H-x86_64-mingw32/nios2-elf/lib/mno-hw-mul\libc.a(lib_a-int_errno.o)
 .comment       0x0000000000000023       0x24 c:/intelfpga_lite/18.1/nios2eds/bin/gnu/h-x86_64-mingw32/bin/../lib/gcc/nios2-elf/5.3.0/../../../../../H-x86_64-mingw32/nios2-elf/lib/mno-hw-mul\libc.a(lib_a-memcmp.o)
 .comment       0x0000000000000023       0x24 c:/intelfpga_lite/18.1/nios2eds/bin/gnu/h-x86_64-mingw32/bin/../lib/gcc/nios2-elf/5.3.0/../../../../../H-x86_64-mingw32/nios2-elf/lib/mno-hw-mul\libc.a(lib_a-memcpy.o)
 .comment       0x0000000000000023       0x24 c:/intelfpga_lite/18.1/nios2eds/bin/gnu/h-x86_64-mingw32/bin/../lib/gcc/nios2-elf/5.3.0/../../../../../H-x86_64-mingw32/nios2-elf/lib/mno-hw-mul\libc.a(lib_a-strlen.o)
 .comment       0x0000000000000023       0x24 c:/intelfpga_lite/18.1/nios2eds/bin/gnu/h-x86_64-mingw32/bin/../lib/gcc/nios2-elf/5.3.0/../../../../../H-x86_64-mingw32/nios2-elf/lib/mno-hw-mul\libc.a(lib_a-__atexit.o)
 .comment       0x0000000000000023       0x24 c:/intelfpga_lite/18.1/nios2eds/bin/gnu/h-x86_64-mingw32/bin/../lib/gcc/nios2-elf/5.3.0/../../../../../H-x86_64-mingw32/nios2-elf/lib/mno-hw-mul\libc.a(lib_a-__call_atexit.o)
 .comment       0x0000000000000023       0x24 c:/intelfpga_lite/18.1/nios2eds/bin/gnu/h-x86_64-mingw32/bin/../lib/gcc/nios2-elf/5.3.0/mno-hw-mul\libgcc.a(lib2-divmod.o)
 .comment       0x0000000000000023       0x24 c:/intelfpga_lite/18.1/nios2eds/bin/gnu/h-x86_64-mingw32/bin/../lib/gcc/nios2-elf/5.3.0/mno-hw-mul\libgcc.a(lib2-mul.o)
 .comment       0x0000000000000023       0x24 ../telemetre_test_bsp/\libhal_bsp.a(alt_exit.o)

.debug
 *(.debug)

.line
 *(.line)

.debug_srcinfo
 *(.debug_srcinfo)

.debug_sfnames
 *(.debug_sfnames)

.debug_aranges  0x0000000000000000      0x638
 *(.debug_aranges)
 .debug_aranges
                0x0000000000000000       0x28 ../telemetre_test_bsp//obj/HAL/src/crt0.o
 .debug_aranges
                0x0000000000000028       0x20 obj/default/uart_control.o
 .debug_aranges
                0x0000000000000048       0x20 ../telemetre_test_bsp/\libhal_bsp.a(alt_load.o)
 .debug_aranges
                0x0000000000000068       0x20 ../telemetre_test_bsp/\libhal_bsp.a(alt_main.o)
 .debug_aranges
                0x0000000000000088       0x20 ../telemetre_test_bsp/\libhal_bsp.a(alt_usleep.o)
 .debug_aranges
                0x00000000000000a8       0x20 ../telemetre_test_bsp/\libhal_bsp.a(alt_sys_init.o)
 .debug_aranges
                0x00000000000000c8       0x20 ../telemetre_test_bsp/\libhal_bsp.a(altera_avalon_jtag_uart_fd.o)
 .debug_aranges
                0x00000000000000e8       0x20 ../telemetre_test_bsp/\libhal_bsp.a(altera_avalon_jtag_uart_init.o)
 .debug_aranges
                0x0000000000000108       0x20 ../telemetre_test_bsp/\libhal_bsp.a(altera_avalon_jtag_uart_ioctl.o)
 .debug_aranges
                0x0000000000000128       0x20 ../telemetre_test_bsp/\libhal_bsp.a(altera_avalon_jtag_uart_read.o)
 .debug_aranges
                0x0000000000000148       0x20 ../telemetre_test_bsp/\libhal_bsp.a(altera_avalon_jtag_uart_write.o)
 .debug_aranges
                0x0000000000000168       0x20 ../telemetre_test_bsp/\libhal_bsp.a(altera_avalon_timer_sc.o)
 .debug_aranges
                0x0000000000000188       0x20 ../telemetre_test_bsp/\libhal_bsp.a(alt_alarm_start.o)
 .debug_aranges
                0x00000000000001a8       0x20 ../telemetre_test_bsp/\libhal_bsp.a(alt_busy_sleep.o)
 .debug_aranges
                0x00000000000001c8       0x20 ../telemetre_test_bsp/\libhal_bsp.a(alt_close.o)
 .debug_aranges
                0x00000000000001e8       0x20 ../telemetre_test_bsp/\libhal_bsp.a(alt_dcache_flush_all.o)
 .debug_aranges
                0x0000000000000208       0x20 ../telemetre_test_bsp/\libhal_bsp.a(alt_dev.o)
 .debug_aranges
                0x0000000000000228       0x20 ../telemetre_test_bsp/\libhal_bsp.a(alt_dev_llist_insert.o)
 .debug_aranges
                0x0000000000000248       0x20 ../telemetre_test_bsp/\libhal_bsp.a(alt_do_ctors.o)
 .debug_aranges
                0x0000000000000268       0x20 ../telemetre_test_bsp/\libhal_bsp.a(alt_do_dtors.o)
 .debug_aranges
                0x0000000000000288       0x18 ../telemetre_test_bsp/\libhal_bsp.a(alt_errno.o)
 .debug_aranges
                0x00000000000002a0       0x20 ../telemetre_test_bsp/\libhal_bsp.a(alt_icache_flush_all.o)
 .debug_aranges
                0x00000000000002c0       0x20 ../telemetre_test_bsp/\libhal_bsp.a(alt_iic.o)
 .debug_aranges
                0x00000000000002e0       0x20 ../telemetre_test_bsp/\libhal_bsp.a(alt_iic_isr_register.o)
 .debug_aranges
                0x0000000000000300       0x20 ../telemetre_test_bsp/\libhal_bsp.a(alt_io_redirect.o)
 .debug_aranges
                0x0000000000000320       0x30 ../telemetre_test_bsp/\libhal_bsp.a(alt_irq_entry.o)
 .debug_aranges
                0x0000000000000350       0x20 ../telemetre_test_bsp/\libhal_bsp.a(alt_irq_handler.o)
 .debug_aranges
                0x0000000000000370       0x18 ../telemetre_test_bsp/\libhal_bsp.a(alt_irq_vars.o)
 .debug_aranges
                0x0000000000000388       0x20 ../telemetre_test_bsp/\libhal_bsp.a(alt_open.o)
 .debug_aranges
                0x00000000000003a8       0x20 ../telemetre_test_bsp/\libhal_bsp.a(alt_release_fd.o)
 .debug_aranges
                0x00000000000003c8       0x20 ../telemetre_test_bsp/\libhal_bsp.a(alt_tick.o)
 .debug_aranges
                0x00000000000003e8       0x20 ../telemetre_test_bsp/\libhal_bsp.a(altera_nios2_gen2_irq.o)
 .debug_aranges
                0x0000000000000408       0x38 ../telemetre_test_bsp/\libhal_bsp.a(alt_exception_entry.o)
 .debug_aranges
                0x0000000000000440       0x20 ../telemetre_test_bsp/\libhal_bsp.a(alt_find_dev.o)
 .debug_aranges
                0x0000000000000460       0x20 ../telemetre_test_bsp/\libhal_bsp.a(alt_find_file.o)
 .debug_aranges
                0x0000000000000480       0x20 ../telemetre_test_bsp/\libhal_bsp.a(alt_get_fd.o)
 .debug_aranges
                0x00000000000004a0       0x28 ../telemetre_test_bsp/\libhal_bsp.a(alt_instruction_exception_entry.o)
 .debug_aranges
                0x00000000000004c8       0x20 c:/intelfpga_lite/18.1/nios2eds/bin/gnu/h-x86_64-mingw32/bin/../lib/gcc/nios2-elf/5.3.0/../../../../../H-x86_64-mingw32/nios2-elf/lib/mno-hw-mul\libc.a(lib_a-atexit.o)
 .debug_aranges
                0x00000000000004e8       0x20 c:/intelfpga_lite/18.1/nios2eds/bin/gnu/h-x86_64-mingw32/bin/../lib/gcc/nios2-elf/5.3.0/../../../../../H-x86_64-mingw32/nios2-elf/lib/mno-hw-mul\libc.a(lib_a-exit.o)
 .debug_aranges
                0x0000000000000508       0x18 c:/intelfpga_lite/18.1/nios2eds/bin/gnu/h-x86_64-mingw32/bin/../lib/gcc/nios2-elf/5.3.0/../../../../../H-x86_64-mingw32/nios2-elf/lib/mno-hw-mul\libc.a(lib_a-impure.o)
 .debug_aranges
                0x0000000000000520       0x18 c:/intelfpga_lite/18.1/nios2eds/bin/gnu/h-x86_64-mingw32/bin/../lib/gcc/nios2-elf/5.3.0/../../../../../H-x86_64-mingw32/nios2-elf/lib/mno-hw-mul\libc.a(lib_a-int_errno.o)
 .debug_aranges
                0x0000000000000538       0x20 c:/intelfpga_lite/18.1/nios2eds/bin/gnu/h-x86_64-mingw32/bin/../lib/gcc/nios2-elf/5.3.0/../../../../../H-x86_64-mingw32/nios2-elf/lib/mno-hw-mul\libc.a(lib_a-memcmp.o)
 .debug_aranges
                0x0000000000000558       0x20 c:/intelfpga_lite/18.1/nios2eds/bin/gnu/h-x86_64-mingw32/bin/../lib/gcc/nios2-elf/5.3.0/../../../../../H-x86_64-mingw32/nios2-elf/lib/mno-hw-mul\libc.a(lib_a-memcpy.o)
 .debug_aranges
                0x0000000000000578       0x20 c:/intelfpga_lite/18.1/nios2eds/bin/gnu/h-x86_64-mingw32/bin/../lib/gcc/nios2-elf/5.3.0/../../../../../H-x86_64-mingw32/nios2-elf/lib/mno-hw-mul\libc.a(lib_a-strlen.o)
 .debug_aranges
                0x0000000000000598       0x20 c:/intelfpga_lite/18.1/nios2eds/bin/gnu/h-x86_64-mingw32/bin/../lib/gcc/nios2-elf/5.3.0/../../../../../H-x86_64-mingw32/nios2-elf/lib/mno-hw-mul\libc.a(lib_a-__atexit.o)
 .debug_aranges
                0x00000000000005b8       0x20 c:/intelfpga_lite/18.1/nios2eds/bin/gnu/h-x86_64-mingw32/bin/../lib/gcc/nios2-elf/5.3.0/../../../../../H-x86_64-mingw32/nios2-elf/lib/mno-hw-mul\libc.a(lib_a-__call_atexit.o)
 .debug_aranges
                0x00000000000005d8       0x20 c:/intelfpga_lite/18.1/nios2eds/bin/gnu/h-x86_64-mingw32/bin/../lib/gcc/nios2-elf/5.3.0/mno-hw-mul\libgcc.a(lib2-divmod.o)
 .debug_aranges
                0x00000000000005f8       0x20 c:/intelfpga_lite/18.1/nios2eds/bin/gnu/h-x86_64-mingw32/bin/../lib/gcc/nios2-elf/5.3.0/mno-hw-mul\libgcc.a(lib2-mul.o)
 .debug_aranges
                0x0000000000000618       0x20 ../telemetre_test_bsp/\libhal_bsp.a(alt_exit.o)

.debug_pubnames
 *(.debug_pubnames)

.debug_info     0x0000000000000000     0x7f45
 *(.debug_info .gnu.linkonce.wi.*)
 .debug_info    0x0000000000000000       0xb5 ../telemetre_test_bsp//obj/HAL/src/crt0.o
 .debug_info    0x00000000000000b5      0x1c6 obj/default/uart_control.o
 .debug_info    0x000000000000027b      0x145 ../telemetre_test_bsp/\libhal_bsp.a(alt_load.o)
 .debug_info    0x00000000000003c0      0x131 ../telemetre_test_bsp/\libhal_bsp.a(alt_main.o)
 .debug_info    0x00000000000004f1       0xb0 ../telemetre_test_bsp/\libhal_bsp.a(alt_usleep.o)
 .debug_info    0x00000000000005a1      0x6b5 ../telemetre_test_bsp/\libhal_bsp.a(alt_sys_init.o)
 .debug_info    0x0000000000000c56      0x52e ../telemetre_test_bsp/\libhal_bsp.a(altera_avalon_jtag_uart_fd.o)
 .debug_info    0x0000000000001184      0x3a0 ../telemetre_test_bsp/\libhal_bsp.a(altera_avalon_jtag_uart_init.o)
 .debug_info    0x0000000000001524      0x280 ../telemetre_test_bsp/\libhal_bsp.a(altera_avalon_jtag_uart_ioctl.o)
 .debug_info    0x00000000000017a4      0x345 ../telemetre_test_bsp/\libhal_bsp.a(altera_avalon_jtag_uart_read.o)
 .debug_info    0x0000000000001ae9      0x340 ../telemetre_test_bsp/\libhal_bsp.a(altera_avalon_jtag_uart_write.o)
 .debug_info    0x0000000000001e29      0x226 ../telemetre_test_bsp/\libhal_bsp.a(altera_avalon_timer_sc.o)
 .debug_info    0x000000000000204f      0x2cc ../telemetre_test_bsp/\libhal_bsp.a(alt_alarm_start.o)
 .debug_info    0x000000000000231b       0xd7 ../telemetre_test_bsp/\libhal_bsp.a(alt_busy_sleep.o)
 .debug_info    0x00000000000023f2      0x321 ../telemetre_test_bsp/\libhal_bsp.a(alt_close.o)
 .debug_info    0x0000000000002713       0x92 ../telemetre_test_bsp/\libhal_bsp.a(alt_dcache_flush_all.o)
 .debug_info    0x00000000000027a5      0x49c ../telemetre_test_bsp/\libhal_bsp.a(alt_dev.o)
 .debug_info    0x0000000000002c41      0x1a9 ../telemetre_test_bsp/\libhal_bsp.a(alt_dev_llist_insert.o)
 .debug_info    0x0000000000002dea       0x83 ../telemetre_test_bsp/\libhal_bsp.a(alt_do_ctors.o)
 .debug_info    0x0000000000002e6d       0x83 ../telemetre_test_bsp/\libhal_bsp.a(alt_do_dtors.o)
 .debug_info    0x0000000000002ef0       0xa6 ../telemetre_test_bsp/\libhal_bsp.a(alt_errno.o)
 .debug_info    0x0000000000002f96       0x92 ../telemetre_test_bsp/\libhal_bsp.a(alt_icache_flush_all.o)
 .debug_info    0x0000000000003028      0x350 ../telemetre_test_bsp/\libhal_bsp.a(alt_iic.o)
 .debug_info    0x0000000000003378      0x1ef ../telemetre_test_bsp/\libhal_bsp.a(alt_iic_isr_register.o)
 .debug_info    0x0000000000003567      0x4a5 ../telemetre_test_bsp/\libhal_bsp.a(alt_io_redirect.o)
 .debug_info    0x0000000000003a0c       0xbe ../telemetre_test_bsp/\libhal_bsp.a(alt_irq_entry.o)
 .debug_info    0x0000000000003aca      0x187 ../telemetre_test_bsp/\libhal_bsp.a(alt_irq_handler.o)
 .debug_info    0x0000000000003c51       0x88 ../telemetre_test_bsp/\libhal_bsp.a(alt_irq_vars.o)
 .debug_info    0x0000000000003cd9      0x3bb ../telemetre_test_bsp/\libhal_bsp.a(alt_open.o)
 .debug_info    0x0000000000004094      0x2b0 ../telemetre_test_bsp/\libhal_bsp.a(alt_release_fd.o)
 .debug_info    0x0000000000004344      0x299 ../telemetre_test_bsp/\libhal_bsp.a(alt_tick.o)
 .debug_info    0x00000000000045dd       0x92 ../telemetre_test_bsp/\libhal_bsp.a(altera_nios2_gen2_irq.o)
 .debug_info    0x000000000000466f       0xc4 ../telemetre_test_bsp/\libhal_bsp.a(alt_exception_entry.o)
 .debug_info    0x0000000000004733      0x2e9 ../telemetre_test_bsp/\libhal_bsp.a(alt_find_dev.o)
 .debug_info    0x0000000000004a1c      0x2e6 ../telemetre_test_bsp/\libhal_bsp.a(alt_find_file.o)
 .debug_info    0x0000000000004d02      0x310 ../telemetre_test_bsp/\libhal_bsp.a(alt_get_fd.o)
 .debug_info    0x0000000000005012      0x1e7 ../telemetre_test_bsp/\libhal_bsp.a(alt_instruction_exception_entry.o)
 .debug_info    0x00000000000051f9       0xfe c:/intelfpga_lite/18.1/nios2eds/bin/gnu/h-x86_64-mingw32/bin/../lib/gcc/nios2-elf/5.3.0/../../../../../H-x86_64-mingw32/nios2-elf/lib/mno-hw-mul\libc.a(lib_a-atexit.o)
 .debug_info    0x00000000000052f7      0x8e4 c:/intelfpga_lite/18.1/nios2eds/bin/gnu/h-x86_64-mingw32/bin/../lib/gcc/nios2-elf/5.3.0/../../../../../H-x86_64-mingw32/nios2-elf/lib/mno-hw-mul\libc.a(lib_a-exit.o)
 .debug_info    0x0000000000005bdb      0x8a1 c:/intelfpga_lite/18.1/nios2eds/bin/gnu/h-x86_64-mingw32/bin/../lib/gcc/nios2-elf/5.3.0/../../../../../H-x86_64-mingw32/nios2-elf/lib/mno-hw-mul\libc.a(lib_a-impure.o)
 .debug_info    0x000000000000647c       0x8a c:/intelfpga_lite/18.1/nios2eds/bin/gnu/h-x86_64-mingw32/bin/../lib/gcc/nios2-elf/5.3.0/../../../../../H-x86_64-mingw32/nios2-elf/lib/mno-hw-mul\libc.a(lib_a-int_errno.o)
 .debug_info    0x0000000000006506      0x11a c:/intelfpga_lite/18.1/nios2eds/bin/gnu/h-x86_64-mingw32/bin/../lib/gcc/nios2-elf/5.3.0/../../../../../H-x86_64-mingw32/nios2-elf/lib/mno-hw-mul\libc.a(lib_a-memcmp.o)
 .debug_info    0x0000000000006620      0x144 c:/intelfpga_lite/18.1/nios2eds/bin/gnu/h-x86_64-mingw32/bin/../lib/gcc/nios2-elf/5.3.0/../../../../../H-x86_64-mingw32/nios2-elf/lib/mno-hw-mul\libc.a(lib_a-memcpy.o)
 .debug_info    0x0000000000006764       0xe2 c:/intelfpga_lite/18.1/nios2eds/bin/gnu/h-x86_64-mingw32/bin/../lib/gcc/nios2-elf/5.3.0/../../../../../H-x86_64-mingw32/nios2-elf/lib/mno-hw-mul\libc.a(lib_a-strlen.o)
 .debug_info    0x0000000000006846      0x934 c:/intelfpga_lite/18.1/nios2eds/bin/gnu/h-x86_64-mingw32/bin/../lib/gcc/nios2-elf/5.3.0/../../../../../H-x86_64-mingw32/nios2-elf/lib/mno-hw-mul\libc.a(lib_a-__atexit.o)
 .debug_info    0x000000000000717a      0x965 c:/intelfpga_lite/18.1/nios2eds/bin/gnu/h-x86_64-mingw32/bin/../lib/gcc/nios2-elf/5.3.0/../../../../../H-x86_64-mingw32/nios2-elf/lib/mno-hw-mul\libc.a(lib_a-__call_atexit.o)
 .debug_info    0x0000000000007adf      0x2c6 c:/intelfpga_lite/18.1/nios2eds/bin/gnu/h-x86_64-mingw32/bin/../lib/gcc/nios2-elf/5.3.0/mno-hw-mul\libgcc.a(lib2-divmod.o)
 .debug_info    0x0000000000007da5       0xb4 c:/intelfpga_lite/18.1/nios2eds/bin/gnu/h-x86_64-mingw32/bin/../lib/gcc/nios2-elf/5.3.0/mno-hw-mul\libgcc.a(lib2-mul.o)
 .debug_info    0x0000000000007e59       0xec ../telemetre_test_bsp/\libhal_bsp.a(alt_exit.o)

.debug_abbrev   0x0000000000000000     0x2d11
 *(.debug_abbrev)
 .debug_abbrev  0x0000000000000000       0x12 ../telemetre_test_bsp//obj/HAL/src/crt0.o
 .debug_abbrev  0x0000000000000012      0x120 obj/default/uart_control.o
 .debug_abbrev  0x0000000000000132       0x9f ../telemetre_test_bsp/\libhal_bsp.a(alt_load.o)
 .debug_abbrev  0x00000000000001d1       0xba ../telemetre_test_bsp/\libhal_bsp.a(alt_main.o)
 .debug_abbrev  0x000000000000028b       0x60 ../telemetre_test_bsp/\libhal_bsp.a(alt_usleep.o)
 .debug_abbrev  0x00000000000002eb      0x183 ../telemetre_test_bsp/\libhal_bsp.a(alt_sys_init.o)
 .debug_abbrev  0x000000000000046e      0x127 ../telemetre_test_bsp/\libhal_bsp.a(altera_avalon_jtag_uart_fd.o)
 .debug_abbrev  0x0000000000000595      0x19e ../telemetre_test_bsp/\libhal_bsp.a(altera_avalon_jtag_uart_init.o)
 .debug_abbrev  0x0000000000000733      0x111 ../telemetre_test_bsp/\libhal_bsp.a(altera_avalon_jtag_uart_ioctl.o)
 .debug_abbrev  0x0000000000000844      0x1aa ../telemetre_test_bsp/\libhal_bsp.a(altera_avalon_jtag_uart_read.o)
 .debug_abbrev  0x00000000000009ee      0x1a8 ../telemetre_test_bsp/\libhal_bsp.a(altera_avalon_jtag_uart_write.o)
 .debug_abbrev  0x0000000000000b96      0x155 ../telemetre_test_bsp/\libhal_bsp.a(altera_avalon_timer_sc.o)
 .debug_abbrev  0x0000000000000ceb      0x162 ../telemetre_test_bsp/\libhal_bsp.a(alt_alarm_start.o)
 .debug_abbrev  0x0000000000000e4d       0x7e ../telemetre_test_bsp/\libhal_bsp.a(alt_busy_sleep.o)
 .debug_abbrev  0x0000000000000ecb      0x11f ../telemetre_test_bsp/\libhal_bsp.a(alt_close.o)
 .debug_abbrev  0x0000000000000fea       0x42 ../telemetre_test_bsp/\libhal_bsp.a(alt_dcache_flush_all.o)
 .debug_abbrev  0x000000000000102c       0xd9 ../telemetre_test_bsp/\libhal_bsp.a(alt_dev.o)
 .debug_abbrev  0x0000000000001105      0x114 ../telemetre_test_bsp/\libhal_bsp.a(alt_dev_llist_insert.o)
 .debug_abbrev  0x0000000000001219       0x79 ../telemetre_test_bsp/\libhal_bsp.a(alt_do_ctors.o)
 .debug_abbrev  0x0000000000001292       0x79 ../telemetre_test_bsp/\libhal_bsp.a(alt_do_dtors.o)
 .debug_abbrev  0x000000000000130b       0x5a ../telemetre_test_bsp/\libhal_bsp.a(alt_errno.o)
 .debug_abbrev  0x0000000000001365       0x42 ../telemetre_test_bsp/\libhal_bsp.a(alt_icache_flush_all.o)
 .debug_abbrev  0x00000000000013a7      0x163 ../telemetre_test_bsp/\libhal_bsp.a(alt_iic.o)
 .debug_abbrev  0x000000000000150a      0x169 ../telemetre_test_bsp/\libhal_bsp.a(alt_iic_isr_register.o)
 .debug_abbrev  0x0000000000001673      0x114 ../telemetre_test_bsp/\libhal_bsp.a(alt_io_redirect.o)
 .debug_abbrev  0x0000000000001787       0x12 ../telemetre_test_bsp/\libhal_bsp.a(alt_irq_entry.o)
 .debug_abbrev  0x0000000000001799      0x122 ../telemetre_test_bsp/\libhal_bsp.a(alt_irq_handler.o)
 .debug_abbrev  0x00000000000018bb       0x40 ../telemetre_test_bsp/\libhal_bsp.a(alt_irq_vars.o)
 .debug_abbrev  0x00000000000018fb      0x148 ../telemetre_test_bsp/\libhal_bsp.a(alt_open.o)
 .debug_abbrev  0x0000000000001a43       0xde ../telemetre_test_bsp/\libhal_bsp.a(alt_release_fd.o)
 .debug_abbrev  0x0000000000001b21      0x15a ../telemetre_test_bsp/\libhal_bsp.a(alt_tick.o)
 .debug_abbrev  0x0000000000001c7b       0x42 ../telemetre_test_bsp/\libhal_bsp.a(altera_nios2_gen2_irq.o)
 .debug_abbrev  0x0000000000001cbd       0x12 ../telemetre_test_bsp/\libhal_bsp.a(alt_exception_entry.o)
 .debug_abbrev  0x0000000000001ccf       0xf0 ../telemetre_test_bsp/\libhal_bsp.a(alt_find_dev.o)
 .debug_abbrev  0x0000000000001dbf       0xf0 ../telemetre_test_bsp/\libhal_bsp.a(alt_find_file.o)
 .debug_abbrev  0x0000000000001eaf      0x10d ../telemetre_test_bsp/\libhal_bsp.a(alt_get_fd.o)
 .debug_abbrev  0x0000000000001fbc       0xdc ../telemetre_test_bsp/\libhal_bsp.a(alt_instruction_exception_entry.o)
 .debug_abbrev  0x0000000000002098       0xaa c:/intelfpga_lite/18.1/nios2eds/bin/gnu/h-x86_64-mingw32/bin/../lib/gcc/nios2-elf/5.3.0/../../../../../H-x86_64-mingw32/nios2-elf/lib/mno-hw-mul\libc.a(lib_a-atexit.o)
 .debug_abbrev  0x0000000000002142      0x1e5 c:/intelfpga_lite/18.1/nios2eds/bin/gnu/h-x86_64-mingw32/bin/../lib/gcc/nios2-elf/5.3.0/../../../../../H-x86_64-mingw32/nios2-elf/lib/mno-hw-mul\libc.a(lib_a-exit.o)
 .debug_abbrev  0x0000000000002327      0x18f c:/intelfpga_lite/18.1/nios2eds/bin/gnu/h-x86_64-mingw32/bin/../lib/gcc/nios2-elf/5.3.0/../../../../../H-x86_64-mingw32/nios2-elf/lib/mno-hw-mul\libc.a(lib_a-impure.o)
 .debug_abbrev  0x00000000000024b6       0x37 c:/intelfpga_lite/18.1/nios2eds/bin/gnu/h-x86_64-mingw32/bin/../lib/gcc/nios2-elf/5.3.0/../../../../../H-x86_64-mingw32/nios2-elf/lib/mno-hw-mul\libc.a(lib_a-int_errno.o)
 .debug_abbrev  0x00000000000024ed       0x7f c:/intelfpga_lite/18.1/nios2eds/bin/gnu/h-x86_64-mingw32/bin/../lib/gcc/nios2-elf/5.3.0/../../../../../H-x86_64-mingw32/nios2-elf/lib/mno-hw-mul\libc.a(lib_a-memcmp.o)
 .debug_abbrev  0x000000000000256c       0xa3 c:/intelfpga_lite/18.1/nios2eds/bin/gnu/h-x86_64-mingw32/bin/../lib/gcc/nios2-elf/5.3.0/../../../../../H-x86_64-mingw32/nios2-elf/lib/mno-hw-mul\libc.a(lib_a-memcpy.o)
 .debug_abbrev  0x000000000000260f       0x90 c:/intelfpga_lite/18.1/nios2eds/bin/gnu/h-x86_64-mingw32/bin/../lib/gcc/nios2-elf/5.3.0/../../../../../H-x86_64-mingw32/nios2-elf/lib/mno-hw-mul\libc.a(lib_a-strlen.o)
 .debug_abbrev  0x000000000000269f      0x21e c:/intelfpga_lite/18.1/nios2eds/bin/gnu/h-x86_64-mingw32/bin/../lib/gcc/nios2-elf/5.3.0/../../../../../H-x86_64-mingw32/nios2-elf/lib/mno-hw-mul\libc.a(lib_a-__atexit.o)
 .debug_abbrev  0x00000000000028bd      0x22e c:/intelfpga_lite/18.1/nios2eds/bin/gnu/h-x86_64-mingw32/bin/../lib/gcc/nios2-elf/5.3.0/../../../../../H-x86_64-mingw32/nios2-elf/lib/mno-hw-mul\libc.a(lib_a-__call_atexit.o)
 .debug_abbrev  0x0000000000002aeb      0x10e c:/intelfpga_lite/18.1/nios2eds/bin/gnu/h-x86_64-mingw32/bin/../lib/gcc/nios2-elf/5.3.0/mno-hw-mul\libgcc.a(lib2-divmod.o)
 .debug_abbrev  0x0000000000002bf9       0x6f c:/intelfpga_lite/18.1/nios2eds/bin/gnu/h-x86_64-mingw32/bin/../lib/gcc/nios2-elf/5.3.0/mno-hw-mul\libgcc.a(lib2-mul.o)
 .debug_abbrev  0x0000000000002c68       0xa9 ../telemetre_test_bsp/\libhal_bsp.a(alt_exit.o)

.debug_line     0x0000000000000000     0x2eda
 *(.debug_line)
 .debug_line    0x0000000000000000       0x66 ../telemetre_test_bsp//obj/HAL/src/crt0.o
 .debug_line    0x0000000000000066      0x175 obj/default/uart_control.o
 .debug_line    0x00000000000001db       0x8e ../telemetre_test_bsp/\libhal_bsp.a(alt_load.o)
 .debug_line    0x0000000000000269       0xa4 ../telemetre_test_bsp/\libhal_bsp.a(alt_main.o)
 .debug_line    0x000000000000030d       0xad ../telemetre_test_bsp/\libhal_bsp.a(alt_usleep.o)
 .debug_line    0x00000000000003ba      0x237 ../telemetre_test_bsp/\libhal_bsp.a(alt_sys_init.o)
 .debug_line    0x00000000000005f1      0x12f ../telemetre_test_bsp/\libhal_bsp.a(altera_avalon_jtag_uart_fd.o)
 .debug_line    0x0000000000000720      0x18b ../telemetre_test_bsp/\libhal_bsp.a(altera_avalon_jtag_uart_init.o)
 .debug_line    0x00000000000008ab      0x131 ../telemetre_test_bsp/\libhal_bsp.a(altera_avalon_jtag_uart_ioctl.o)
 .debug_line    0x00000000000009dc      0x171 ../telemetre_test_bsp/\libhal_bsp.a(altera_avalon_jtag_uart_read.o)
 .debug_line    0x0000000000000b4d      0x170 ../telemetre_test_bsp/\libhal_bsp.a(altera_avalon_jtag_uart_write.o)
 .debug_line    0x0000000000000cbd       0xfd ../telemetre_test_bsp/\libhal_bsp.a(altera_avalon_timer_sc.o)
 .debug_line    0x0000000000000dba       0xf9 ../telemetre_test_bsp/\libhal_bsp.a(alt_alarm_start.o)
 .debug_line    0x0000000000000eb3       0xa2 ../telemetre_test_bsp/\libhal_bsp.a(alt_busy_sleep.o)
 .debug_line    0x0000000000000f55      0x165 ../telemetre_test_bsp/\libhal_bsp.a(alt_close.o)
 .debug_line    0x00000000000010ba       0x51 ../telemetre_test_bsp/\libhal_bsp.a(alt_dcache_flush_all.o)
 .debug_line    0x000000000000110b       0xf8 ../telemetre_test_bsp/\libhal_bsp.a(alt_dev.o)
 .debug_line    0x0000000000001203       0xcf ../telemetre_test_bsp/\libhal_bsp.a(alt_dev_llist_insert.o)
 .debug_line    0x00000000000012d2       0x59 ../telemetre_test_bsp/\libhal_bsp.a(alt_do_ctors.o)
 .debug_line    0x000000000000132b       0x59 ../telemetre_test_bsp/\libhal_bsp.a(alt_do_dtors.o)
 .debug_line    0x0000000000001384       0x51 ../telemetre_test_bsp/\libhal_bsp.a(alt_errno.o)
 .debug_line    0x00000000000013d5       0x4f ../telemetre_test_bsp/\libhal_bsp.a(alt_icache_flush_all.o)
 .debug_line    0x0000000000001424       0xeb ../telemetre_test_bsp/\libhal_bsp.a(alt_iic.o)
 .debug_line    0x000000000000150f       0xdb ../telemetre_test_bsp/\libhal_bsp.a(alt_iic_isr_register.o)
 .debug_line    0x00000000000015ea      0x135 ../telemetre_test_bsp/\libhal_bsp.a(alt_io_redirect.o)
 .debug_line    0x000000000000171f       0x6b ../telemetre_test_bsp/\libhal_bsp.a(alt_irq_entry.o)
 .debug_line    0x000000000000178a       0xaa ../telemetre_test_bsp/\libhal_bsp.a(alt_irq_handler.o)
 .debug_line    0x0000000000001834       0x50 ../telemetre_test_bsp/\libhal_bsp.a(alt_irq_vars.o)
 .debug_line    0x0000000000001884      0x12b ../telemetre_test_bsp/\libhal_bsp.a(alt_open.o)
 .debug_line    0x00000000000019af       0xb0 ../telemetre_test_bsp/\libhal_bsp.a(alt_release_fd.o)
 .debug_line    0x0000000000001a5f       0xff ../telemetre_test_bsp/\libhal_bsp.a(alt_tick.o)
 .debug_line    0x0000000000001b5e       0x51 ../telemetre_test_bsp/\libhal_bsp.a(altera_nios2_gen2_irq.o)
 .debug_line    0x0000000000001baf       0xb3 ../telemetre_test_bsp/\libhal_bsp.a(alt_exception_entry.o)
 .debug_line    0x0000000000001c62       0xb5 ../telemetre_test_bsp/\libhal_bsp.a(alt_find_dev.o)
 .debug_line    0x0000000000001d17       0xd1 ../telemetre_test_bsp/\libhal_bsp.a(alt_find_file.o)
 .debug_line    0x0000000000001de8       0xd7 ../telemetre_test_bsp/\libhal_bsp.a(alt_get_fd.o)
 .debug_line    0x0000000000001ebf       0xb9 ../telemetre_test_bsp/\libhal_bsp.a(alt_instruction_exception_entry.o)
 .debug_line    0x0000000000001f78       0xe7 c:/intelfpga_lite/18.1/nios2eds/bin/gnu/h-x86_64-mingw32/bin/../lib/gcc/nios2-elf/5.3.0/../../../../../H-x86_64-mingw32/nios2-elf/lib/mno-hw-mul\libc.a(lib_a-atexit.o)
 .debug_line    0x000000000000205f      0x1fc c:/intelfpga_lite/18.1/nios2eds/bin/gnu/h-x86_64-mingw32/bin/../lib/gcc/nios2-elf/5.3.0/../../../../../H-x86_64-mingw32/nios2-elf/lib/mno-hw-mul\libc.a(lib_a-exit.o)
 .debug_line    0x000000000000225b      0x160 c:/intelfpga_lite/18.1/nios2eds/bin/gnu/h-x86_64-mingw32/bin/../lib/gcc/nios2-elf/5.3.0/../../../../../H-x86_64-mingw32/nios2-elf/lib/mno-hw-mul\libc.a(lib_a-impure.o)
 .debug_line    0x00000000000023bb       0x5f c:/intelfpga_lite/18.1/nios2eds/bin/gnu/h-x86_64-mingw32/bin/../lib/gcc/nios2-elf/5.3.0/../../../../../H-x86_64-mingw32/nios2-elf/lib/mno-hw-mul\libc.a(lib_a-int_errno.o)
 .debug_line    0x000000000000241a      0x176 c:/intelfpga_lite/18.1/nios2eds/bin/gnu/h-x86_64-mingw32/bin/../lib/gcc/nios2-elf/5.3.0/../../../../../H-x86_64-mingw32/nios2-elf/lib/mno-hw-mul\libc.a(lib_a-memcmp.o)
 .debug_line    0x0000000000002590      0x18c c:/intelfpga_lite/18.1/nios2eds/bin/gnu/h-x86_64-mingw32/bin/../lib/gcc/nios2-elf/5.3.0/../../../../../H-x86_64-mingw32/nios2-elf/lib/mno-hw-mul\libc.a(lib_a-memcpy.o)
 .debug_line    0x000000000000271c      0x16f c:/intelfpga_lite/18.1/nios2eds/bin/gnu/h-x86_64-mingw32/bin/../lib/gcc/nios2-elf/5.3.0/../../../../../H-x86_64-mingw32/nios2-elf/lib/mno-hw-mul\libc.a(lib_a-strlen.o)
 .debug_line    0x000000000000288b      0x21f c:/intelfpga_lite/18.1/nios2eds/bin/gnu/h-x86_64-mingw32/bin/../lib/gcc/nios2-elf/5.3.0/../../../../../H-x86_64-mingw32/nios2-elf/lib/mno-hw-mul\libc.a(lib_a-__atexit.o)
 .debug_line    0x0000000000002aaa      0x23a c:/intelfpga_lite/18.1/nios2eds/bin/gnu/h-x86_64-mingw32/bin/../lib/gcc/nios2-elf/5.3.0/../../../../../H-x86_64-mingw32/nios2-elf/lib/mno-hw-mul\libc.a(lib_a-__call_atexit.o)
 .debug_line    0x0000000000002ce4      0x105 c:/intelfpga_lite/18.1/nios2eds/bin/gnu/h-x86_64-mingw32/bin/../lib/gcc/nios2-elf/5.3.0/mno-hw-mul\libgcc.a(lib2-divmod.o)
 .debug_line    0x0000000000002de9       0x80 c:/intelfpga_lite/18.1/nios2eds/bin/gnu/h-x86_64-mingw32/bin/../lib/gcc/nios2-elf/5.3.0/mno-hw-mul\libgcc.a(lib2-mul.o)
 .debug_line    0x0000000000002e69       0x71 ../telemetre_test_bsp/\libhal_bsp.a(alt_exit.o)

.debug_frame    0x0000000000000000      0xcac
 *(.debug_frame)
 .debug_frame   0x0000000000000000      0x114 obj/default/uart_control.o
 .debug_frame   0x0000000000000114       0x5c ../telemetre_test_bsp/\libhal_bsp.a(alt_load.o)
 .debug_frame   0x0000000000000170       0x2c ../telemetre_test_bsp/\libhal_bsp.a(alt_main.o)
 .debug_frame   0x000000000000019c       0x38 ../telemetre_test_bsp/\libhal_bsp.a(alt_usleep.o)
 .debug_frame   0x00000000000001d4       0x88 ../telemetre_test_bsp/\libhal_bsp.a(alt_sys_init.o)
 .debug_frame   0x000000000000025c       0xb0 ../telemetre_test_bsp/\libhal_bsp.a(altera_avalon_jtag_uart_fd.o)
 .debug_frame   0x000000000000030c       0xa4 ../telemetre_test_bsp/\libhal_bsp.a(altera_avalon_jtag_uart_init.o)
 .debug_frame   0x00000000000003b0       0x34 ../telemetre_test_bsp/\libhal_bsp.a(altera_avalon_jtag_uart_ioctl.o)
 .debug_frame   0x00000000000003e4       0x38 ../telemetre_test_bsp/\libhal_bsp.a(altera_avalon_jtag_uart_read.o)
 .debug_frame   0x000000000000041c       0x38 ../telemetre_test_bsp/\libhal_bsp.a(altera_avalon_jtag_uart_write.o)
 .debug_frame   0x0000000000000454       0x60 ../telemetre_test_bsp/\libhal_bsp.a(altera_avalon_timer_sc.o)
 .debug_frame   0x00000000000004b4       0x34 ../telemetre_test_bsp/\libhal_bsp.a(alt_alarm_start.o)
 .debug_frame   0x00000000000004e8       0x38 ../telemetre_test_bsp/\libhal_bsp.a(alt_busy_sleep.o)
 .debug_frame   0x0000000000000520       0x60 ../telemetre_test_bsp/\libhal_bsp.a(alt_close.o)
 .debug_frame   0x0000000000000580       0x34 ../telemetre_test_bsp/\libhal_bsp.a(alt_dcache_flush_all.o)
 .debug_frame   0x00000000000005b4       0x34 ../telemetre_test_bsp/\libhal_bsp.a(alt_dev.o)
 .debug_frame   0x00000000000005e8       0x60 ../telemetre_test_bsp/\libhal_bsp.a(alt_dev_llist_insert.o)
 .debug_frame   0x0000000000000648       0x38 ../telemetre_test_bsp/\libhal_bsp.a(alt_do_ctors.o)
 .debug_frame   0x0000000000000680       0x38 ../telemetre_test_bsp/\libhal_bsp.a(alt_do_dtors.o)
 .debug_frame   0x00000000000006b8       0x34 ../telemetre_test_bsp/\libhal_bsp.a(alt_icache_flush_all.o)
 .debug_frame   0x00000000000006ec       0xa4 ../telemetre_test_bsp/\libhal_bsp.a(alt_iic.o)
 .debug_frame   0x0000000000000790       0x38 ../telemetre_test_bsp/\libhal_bsp.a(alt_iic_isr_register.o)
 .debug_frame   0x00000000000007c8       0x64 ../telemetre_test_bsp/\libhal_bsp.a(alt_io_redirect.o)
 .debug_frame   0x000000000000082c       0x38 ../telemetre_test_bsp/\libhal_bsp.a(alt_irq_handler.o)
 .debug_frame   0x0000000000000864       0x8c ../telemetre_test_bsp/\libhal_bsp.a(alt_open.o)
 .debug_frame   0x00000000000008f0       0x3c ../telemetre_test_bsp/\libhal_bsp.a(alt_release_fd.o)
 .debug_frame   0x000000000000092c       0x5c ../telemetre_test_bsp/\libhal_bsp.a(alt_tick.o)
 .debug_frame   0x0000000000000988       0x34 ../telemetre_test_bsp/\libhal_bsp.a(altera_nios2_gen2_irq.o)
 .debug_frame   0x00000000000009bc       0x38 ../telemetre_test_bsp/\libhal_bsp.a(alt_find_dev.o)
 .debug_frame   0x00000000000009f4       0x38 ../telemetre_test_bsp/\libhal_bsp.a(alt_find_file.o)
 .debug_frame   0x0000000000000a2c       0x3c ../telemetre_test_bsp/\libhal_bsp.a(alt_get_fd.o)
 .debug_frame   0x0000000000000a68       0x5c ../telemetre_test_bsp/\libhal_bsp.a(alt_instruction_exception_entry.o)
 .debug_frame   0x0000000000000ac4       0x20 c:/intelfpga_lite/18.1/nios2eds/bin/gnu/h-x86_64-mingw32/bin/../lib/gcc/nios2-elf/5.3.0/../../../../../H-x86_64-mingw32/nios2-elf/lib/mno-hw-mul\libc.a(lib_a-atexit.o)
 .debug_frame   0x0000000000000ae4       0x28 c:/intelfpga_lite/18.1/nios2eds/bin/gnu/h-x86_64-mingw32/bin/../lib/gcc/nios2-elf/5.3.0/../../../../../H-x86_64-mingw32/nios2-elf/lib/mno-hw-mul\libc.a(lib_a-exit.o)
 .debug_frame   0x0000000000000b0c       0x20 c:/intelfpga_lite/18.1/nios2eds/bin/gnu/h-x86_64-mingw32/bin/../lib/gcc/nios2-elf/5.3.0/../../../../../H-x86_64-mingw32/nios2-elf/lib/mno-hw-mul\libc.a(lib_a-memcmp.o)
 .debug_frame   0x0000000000000b2c       0x38 c:/intelfpga_lite/18.1/nios2eds/bin/gnu/h-x86_64-mingw32/bin/../lib/gcc/nios2-elf/5.3.0/../../../../../H-x86_64-mingw32/nios2-elf/lib/mno-hw-mul\libc.a(lib_a-memcpy.o)
 .debug_frame   0x0000000000000b64       0x20 c:/intelfpga_lite/18.1/nios2eds/bin/gnu/h-x86_64-mingw32/bin/../lib/gcc/nios2-elf/5.3.0/../../../../../H-x86_64-mingw32/nios2-elf/lib/mno-hw-mul\libc.a(lib_a-strlen.o)
 .debug_frame   0x0000000000000b84       0x38 c:/intelfpga_lite/18.1/nios2eds/bin/gnu/h-x86_64-mingw32/bin/../lib/gcc/nios2-elf/5.3.0/../../../../../H-x86_64-mingw32/nios2-elf/lib/mno-hw-mul\libc.a(lib_a-__atexit.o)
 .debug_frame   0x0000000000000bbc       0x54 c:/intelfpga_lite/18.1/nios2eds/bin/gnu/h-x86_64-mingw32/bin/../lib/gcc/nios2-elf/5.3.0/../../../../../H-x86_64-mingw32/nios2-elf/lib/mno-hw-mul\libc.a(lib_a-__call_atexit.o)
 .debug_frame   0x0000000000000c10       0x50 c:/intelfpga_lite/18.1/nios2eds/bin/gnu/h-x86_64-mingw32/bin/../lib/gcc/nios2-elf/5.3.0/mno-hw-mul\libgcc.a(lib2-divmod.o)
 .debug_frame   0x0000000000000c60       0x20 c:/intelfpga_lite/18.1/nios2eds/bin/gnu/h-x86_64-mingw32/bin/../lib/gcc/nios2-elf/5.3.0/mno-hw-mul\libgcc.a(lib2-mul.o)
 .debug_frame   0x0000000000000c80       0x2c ../telemetre_test_bsp/\libhal_bsp.a(alt_exit.o)

.debug_str      0x0000000000000000     0x1fa1
 *(.debug_str)
 .debug_str     0x0000000000000000      0x1bb obj/default/uart_control.o
                                        0x224 (size before relaxing)
 .debug_str     0x00000000000001bb      0x172 ../telemetre_test_bsp/\libhal_bsp.a(alt_load.o)
                                        0x26f (size before relaxing)
 .debug_str     0x000000000000032d       0x70 ../telemetre_test_bsp/\libhal_bsp.a(alt_main.o)
                                        0x1fa (size before relaxing)
 .debug_str     0x000000000000039d       0x27 ../telemetre_test_bsp/\libhal_bsp.a(alt_usleep.o)
                                        0x1a5 (size before relaxing)
 .debug_str     0x00000000000003c4      0x395 ../telemetre_test_bsp/\libhal_bsp.a(alt_sys_init.o)
                                        0x5c4 (size before relaxing)
 .debug_str     0x0000000000000759       0xb9 ../telemetre_test_bsp/\libhal_bsp.a(altera_avalon_jtag_uart_fd.o)
                                        0x401 (size before relaxing)
 .debug_str     0x0000000000000812       0xd1 ../telemetre_test_bsp/\libhal_bsp.a(altera_avalon_jtag_uart_init.o)
                                        0x395 (size before relaxing)
 .debug_str     0x00000000000008e3       0x4a ../telemetre_test_bsp/\libhal_bsp.a(altera_avalon_jtag_uart_ioctl.o)
                                        0x2f0 (size before relaxing)
 .debug_str     0x000000000000092d       0x7f ../telemetre_test_bsp/\libhal_bsp.a(altera_avalon_jtag_uart_read.o)
                                        0x345 (size before relaxing)
 .debug_str     0x00000000000009ac       0x4a ../telemetre_test_bsp/\libhal_bsp.a(altera_avalon_jtag_uart_write.o)
                                        0x346 (size before relaxing)
 .debug_str     0x00000000000009f6       0x6d ../telemetre_test_bsp/\libhal_bsp.a(altera_avalon_timer_sc.o)
                                        0x2a8 (size before relaxing)
 .debug_str     0x0000000000000a63       0x59 ../telemetre_test_bsp/\libhal_bsp.a(alt_alarm_start.o)
                                        0x2db (size before relaxing)
 .debug_str     0x0000000000000abc       0x42 ../telemetre_test_bsp/\libhal_bsp.a(alt_busy_sleep.o)
                                        0x1c8 (size before relaxing)
 .debug_str     0x0000000000000afe       0x44 ../telemetre_test_bsp/\libhal_bsp.a(alt_close.o)
                                        0x268 (size before relaxing)
 .debug_str     0x0000000000000b42       0x34 ../telemetre_test_bsp/\libhal_bsp.a(alt_dcache_flush_all.o)
                                        0x1b2 (size before relaxing)
 .debug_str     0x0000000000000b76      0x120 ../telemetre_test_bsp/\libhal_bsp.a(alt_dev.o)
                                        0x362 (size before relaxing)
 .debug_str     0x0000000000000c96       0x34 ../telemetre_test_bsp/\libhal_bsp.a(alt_dev_llist_insert.o)
                                        0x229 (size before relaxing)
 .debug_str     0x0000000000000cca       0x48 ../telemetre_test_bsp/\libhal_bsp.a(alt_do_ctors.o)
                                        0x12d (size before relaxing)
 .debug_str     0x0000000000000d12       0x4c ../telemetre_test_bsp/\libhal_bsp.a(alt_do_dtors.o)
                                        0x12c (size before relaxing)
 .debug_str     0x0000000000000d5e       0x14 ../telemetre_test_bsp/\libhal_bsp.a(alt_errno.o)
                                        0x1a2 (size before relaxing)
 .debug_str     0x0000000000000d72       0x34 ../telemetre_test_bsp/\libhal_bsp.a(alt_icache_flush_all.o)
                                        0x1b2 (size before relaxing)
 .debug_str     0x0000000000000da6       0xc4 ../telemetre_test_bsp/\libhal_bsp.a(alt_iic.o)
                                        0x29b (size before relaxing)
 .debug_str     0x0000000000000e6a       0x4c ../telemetre_test_bsp/\libhal_bsp.a(alt_iic_isr_register.o)
                                        0x245 (size before relaxing)
 .debug_str     0x0000000000000eb6       0x56 ../telemetre_test_bsp/\libhal_bsp.a(alt_io_redirect.o)
                                        0x373 (size before relaxing)
 .debug_str     0x0000000000000f0c       0x3a ../telemetre_test_bsp/\libhal_bsp.a(alt_irq_handler.o)
                                        0x1f4 (size before relaxing)
 .debug_str     0x0000000000000f46       0x17 ../telemetre_test_bsp/\libhal_bsp.a(alt_irq_vars.o)
                                        0x197 (size before relaxing)
 .debug_str     0x0000000000000f5d       0x2f ../telemetre_test_bsp/\libhal_bsp.a(alt_open.o)
                                        0x2a8 (size before relaxing)
 .debug_str     0x0000000000000f8c       0x28 ../telemetre_test_bsp/\libhal_bsp.a(alt_release_fd.o)
                                        0x230 (size before relaxing)
 .debug_str     0x0000000000000fb4       0x4a ../telemetre_test_bsp/\libhal_bsp.a(alt_tick.o)
                                        0x2af (size before relaxing)
 .debug_str     0x0000000000000ffe       0x3b ../telemetre_test_bsp/\libhal_bsp.a(altera_nios2_gen2_irq.o)
                                        0x1b9 (size before relaxing)
 .debug_str     0x0000000000001039       0x24 ../telemetre_test_bsp/\libhal_bsp.a(alt_find_dev.o)
                                        0x249 (size before relaxing)
 .debug_str     0x000000000000105d       0x26 ../telemetre_test_bsp/\libhal_bsp.a(alt_find_file.o)
                                        0x257 (size before relaxing)
 .debug_str     0x0000000000001083       0x30 ../telemetre_test_bsp/\libhal_bsp.a(alt_get_fd.o)
                                        0x279 (size before relaxing)
 .debug_str     0x00000000000010b3      0x48b ../telemetre_test_bsp/\libhal_bsp.a(alt_instruction_exception_entry.o)
                                        0x5fd (size before relaxing)
 .debug_str     0x000000000000153e      0x17c c:/intelfpga_lite/18.1/nios2eds/bin/gnu/h-x86_64-mingw32/bin/../lib/gcc/nios2-elf/5.3.0/../../../../../H-x86_64-mingw32/nios2-elf/lib/mno-hw-mul\libc.a(lib_a-atexit.o)
                                        0x221 (size before relaxing)
 .debug_str     0x00000000000016ba      0x3a7 c:/intelfpga_lite/18.1/nios2eds/bin/gnu/h-x86_64-mingw32/bin/../lib/gcc/nios2-elf/5.3.0/../../../../../H-x86_64-mingw32/nios2-elf/lib/mno-hw-mul\libc.a(lib_a-exit.o)
                                        0x5be (size before relaxing)
 .debug_str     0x0000000000001a61       0xd6 c:/intelfpga_lite/18.1/nios2eds/bin/gnu/h-x86_64-mingw32/bin/../lib/gcc/nios2-elf/5.3.0/../../../../../H-x86_64-mingw32/nios2-elf/lib/mno-hw-mul\libc.a(lib_a-impure.o)
                                        0x5b5 (size before relaxing)
 .debug_str     0x0000000000001b37       0x3f c:/intelfpga_lite/18.1/nios2eds/bin/gnu/h-x86_64-mingw32/bin/../lib/gcc/nios2-elf/5.3.0/../../../../../H-x86_64-mingw32/nios2-elf/lib/mno-hw-mul\libc.a(lib_a-int_errno.o)
                                        0x1dd (size before relaxing)
 .debug_str     0x0000000000001b76       0xda c:/intelfpga_lite/18.1/nios2eds/bin/gnu/h-x86_64-mingw32/bin/../lib/gcc/nios2-elf/5.3.0/../../../../../H-x86_64-mingw32/nios2-elf/lib/mno-hw-mul\libc.a(lib_a-memcmp.o)
                                        0x1e4 (size before relaxing)
 .debug_str     0x0000000000001c50       0x6b c:/intelfpga_lite/18.1/nios2eds/bin/gnu/h-x86_64-mingw32/bin/../lib/gcc/nios2-elf/5.3.0/../../../../../H-x86_64-mingw32/nios2-elf/lib/mno-hw-mul\libc.a(lib_a-memcpy.o)
                                        0x20b (size before relaxing)
 .debug_str     0x0000000000001cbb       0x51 c:/intelfpga_lite/18.1/nios2eds/bin/gnu/h-x86_64-mingw32/bin/../lib/gcc/nios2-elf/5.3.0/../../../../../H-x86_64-mingw32/nios2-elf/lib/mno-hw-mul\libc.a(lib_a-strlen.o)
                                        0x1f7 (size before relaxing)
 .debug_str     0x0000000000001d0c       0x3f c:/intelfpga_lite/18.1/nios2eds/bin/gnu/h-x86_64-mingw32/bin/../lib/gcc/nios2-elf/5.3.0/../../../../../H-x86_64-mingw32/nios2-elf/lib/mno-hw-mul\libc.a(lib_a-__atexit.o)
                                        0x5f6 (size before relaxing)
 .debug_str     0x0000000000001d4b       0x65 c:/intelfpga_lite/18.1/nios2eds/bin/gnu/h-x86_64-mingw32/bin/../lib/gcc/nios2-elf/5.3.0/../../../../../H-x86_64-mingw32/nios2-elf/lib/mno-hw-mul\libc.a(lib_a-__call_atexit.o)
                                        0x5e2 (size before relaxing)
 .debug_str     0x0000000000001db0      0x187 c:/intelfpga_lite/18.1/nios2eds/bin/gnu/h-x86_64-mingw32/bin/../lib/gcc/nios2-elf/5.3.0/mno-hw-mul\libgcc.a(lib2-divmod.o)
                                        0x1d2 (size before relaxing)
 .debug_str     0x0000000000001f37       0x40 c:/intelfpga_lite/18.1/nios2eds/bin/gnu/h-x86_64-mingw32/bin/../lib/gcc/nios2-elf/5.3.0/mno-hw-mul\libgcc.a(lib2-mul.o)
                                        0x193 (size before relaxing)
 .debug_str     0x0000000000001f77       0x2a ../telemetre_test_bsp/\libhal_bsp.a(alt_exit.o)
                                        0x1ae (size before relaxing)

.debug_loc      0x0000000000000000      0xcd1
 *(.debug_loc)
 .debug_loc     0x0000000000000000       0x2c c:/intelfpga_lite/18.1/nios2eds/bin/gnu/h-x86_64-mingw32/bin/../lib/gcc/nios2-elf/5.3.0/../../../../../H-x86_64-mingw32/nios2-elf/lib/mno-hw-mul\libc.a(lib_a-atexit.o)
 .debug_loc     0x000000000000002c       0x1e c:/intelfpga_lite/18.1/nios2eds/bin/gnu/h-x86_64-mingw32/bin/../lib/gcc/nios2-elf/5.3.0/../../../../../H-x86_64-mingw32/nios2-elf/lib/mno-hw-mul\libc.a(lib_a-exit.o)
 .debug_loc     0x000000000000004a      0x126 c:/intelfpga_lite/18.1/nios2eds/bin/gnu/h-x86_64-mingw32/bin/../lib/gcc/nios2-elf/5.3.0/../../../../../H-x86_64-mingw32/nios2-elf/lib/mno-hw-mul\libc.a(lib_a-memcmp.o)
 .debug_loc     0x0000000000000170      0x266 c:/intelfpga_lite/18.1/nios2eds/bin/gnu/h-x86_64-mingw32/bin/../lib/gcc/nios2-elf/5.3.0/../../../../../H-x86_64-mingw32/nios2-elf/lib/mno-hw-mul\libc.a(lib_a-memcpy.o)
 .debug_loc     0x00000000000003d6       0x47 c:/intelfpga_lite/18.1/nios2eds/bin/gnu/h-x86_64-mingw32/bin/../lib/gcc/nios2-elf/5.3.0/../../../../../H-x86_64-mingw32/nios2-elf/lib/mno-hw-mul\libc.a(lib_a-strlen.o)
 .debug_loc     0x000000000000041d      0x185 c:/intelfpga_lite/18.1/nios2eds/bin/gnu/h-x86_64-mingw32/bin/../lib/gcc/nios2-elf/5.3.0/../../../../../H-x86_64-mingw32/nios2-elf/lib/mno-hw-mul\libc.a(lib_a-__atexit.o)
 .debug_loc     0x00000000000005a2      0x1ce c:/intelfpga_lite/18.1/nios2eds/bin/gnu/h-x86_64-mingw32/bin/../lib/gcc/nios2-elf/5.3.0/../../../../../H-x86_64-mingw32/nios2-elf/lib/mno-hw-mul\libc.a(lib_a-__call_atexit.o)
 .debug_loc     0x0000000000000770      0x4ce c:/intelfpga_lite/18.1/nios2eds/bin/gnu/h-x86_64-mingw32/bin/../lib/gcc/nios2-elf/5.3.0/mno-hw-mul\libgcc.a(lib2-divmod.o)
 .debug_loc     0x0000000000000c3e       0x93 c:/intelfpga_lite/18.1/nios2eds/bin/gnu/h-x86_64-mingw32/bin/../lib/gcc/nios2-elf/5.3.0/mno-hw-mul\libgcc.a(lib2-mul.o)

.debug_macinfo
 *(.debug_macinfo)

.debug_weaknames
 *(.debug_weaknames)

.debug_funcnames
 *(.debug_funcnames)

.debug_typenames
 *(.debug_typenames)

.debug_varnames
 *(.debug_varnames)

.debug_alt_sim_info
                0x0000000000000000       0x40
 *(.debug_alt_sim_info)
 .debug_alt_sim_info
                0x0000000000000000       0x10 ../telemetre_test_bsp//obj/HAL/src/crt0.o
 .debug_alt_sim_info
                0x0000000000000010       0x30 ../telemetre_test_bsp/\libhal_bsp.a(alt_busy_sleep.o)
                0x0000000004000000                __alt_data_end = 0x4000000
                0x0000000004000000                PROVIDE (__alt_stack_pointer, __alt_data_end)
                [!provide]                        PROVIDE (__alt_stack_limit, __alt_stack_base)
                [!provide]                        PROVIDE (__alt_heap_start, end)
                [!provide]                        PROVIDE (__alt_heap_limit, 0x4000000)
OUTPUT(telemetre_test.elf elf32-littlenios2)

.debug_ranges   0x0000000000000000      0x1d8
 .debug_ranges  0x0000000000000000       0x20 ../telemetre_test_bsp//obj/HAL/src/crt0.o
 .debug_ranges  0x0000000000000020       0x30 ../telemetre_test_bsp/\libhal_bsp.a(altera_avalon_jtag_uart_init.o)
 .debug_ranges  0x0000000000000050       0x18 ../telemetre_test_bsp/\libhal_bsp.a(altera_avalon_jtag_uart_read.o)
 .debug_ranges  0x0000000000000068       0x28 ../telemetre_test_bsp/\libhal_bsp.a(alt_irq_entry.o)
 .debug_ranges  0x0000000000000090       0x10 ../telemetre_test_bsp/\libhal_bsp.a(alt_irq_handler.o)
 .debug_ranges  0x00000000000000a0       0x30 ../telemetre_test_bsp/\libhal_bsp.a(alt_exception_entry.o)
 .debug_ranges  0x00000000000000d0       0x18 ../telemetre_test_bsp/\libhal_bsp.a(alt_instruction_exception_entry.o)
 .debug_ranges  0x00000000000000e8       0x10 c:/intelfpga_lite/18.1/nios2eds/bin/gnu/h-x86_64-mingw32/bin/../lib/gcc/nios2-elf/5.3.0/../../../../../H-x86_64-mingw32/nios2-elf/lib/mno-hw-mul\libc.a(lib_a-atexit.o)
 .debug_ranges  0x00000000000000f8       0x10 c:/intelfpga_lite/18.1/nios2eds/bin/gnu/h-x86_64-mingw32/bin/../lib/gcc/nios2-elf/5.3.0/../../../../../H-x86_64-mingw32/nios2-elf/lib/mno-hw-mul\libc.a(lib_a-exit.o)
 .debug_ranges  0x0000000000000108       0x10 c:/intelfpga_lite/18.1/nios2eds/bin/gnu/h-x86_64-mingw32/bin/../lib/gcc/nios2-elf/5.3.0/../../../../../H-x86_64-mingw32/nios2-elf/lib/mno-hw-mul\libc.a(lib_a-memcmp.o)
 .debug_ranges  0x0000000000000118       0x10 c:/intelfpga_lite/18.1/nios2eds/bin/gnu/h-x86_64-mingw32/bin/../lib/gcc/nios2-elf/5.3.0/../../../../../H-x86_64-mingw32/nios2-elf/lib/mno-hw-mul\libc.a(lib_a-memcpy.o)
 .debug_ranges  0x0000000000000128       0x10 c:/intelfpga_lite/18.1/nios2eds/bin/gnu/h-x86_64-mingw32/bin/../lib/gcc/nios2-elf/5.3.0/../../../../../H-x86_64-mingw32/nios2-elf/lib/mno-hw-mul\libc.a(lib_a-strlen.o)
 .debug_ranges  0x0000000000000138       0x10 c:/intelfpga_lite/18.1/nios2eds/bin/gnu/h-x86_64-mingw32/bin/../lib/gcc/nios2-elf/5.3.0/../../../../../H-x86_64-mingw32/nios2-elf/lib/mno-hw-mul\libc.a(lib_a-__atexit.o)
 .debug_ranges  0x0000000000000148       0x30 c:/intelfpga_lite/18.1/nios2eds/bin/gnu/h-x86_64-mingw32/bin/../lib/gcc/nios2-elf/5.3.0/../../../../../H-x86_64-mingw32/nios2-elf/lib/mno-hw-mul\libc.a(lib_a-__call_atexit.o)
 .debug_ranges  0x0000000000000178       0x60 c:/intelfpga_lite/18.1/nios2eds/bin/gnu/h-x86_64-mingw32/bin/../lib/gcc/nios2-elf/5.3.0/mno-hw-mul\libgcc.a(lib2-divmod.o)
