Flow report for DE10_Lite_Computer
Sun Jan 04 11:49:44 2026
Quartus Prime Version 18.1.0 Build 625 09/12/2018 SJ Lite Edition


---------------------
; Table of Contents ;
---------------------
  1. Legal Notice
  2. Flow Summary
  3. Flow Settings
  4. Flow Non-Default Global Settings
  5. Flow Elapsed Time
  6. Flow OS Summary
  7. Flow Log
  8. Flow Messages
  9. Flow Suppressed Messages



----------------
; Legal Notice ;
----------------
Copyright (C) 2018  Intel Corporation. All rights reserved.
Your use of Intel Corporation's design tools, logic functions 
and other software and tools, and its AMPP partner logic 
functions, and any output files from any of the foregoing 
(including device programming or simulation files), and any 
associated documentation or information are expressly subject 
to the terms and conditions of the Intel Program License 
Subscription Agreement, the Intel Quartus Prime License Agreement,
the Intel FPGA IP License Agreement, or other applicable license
agreement, including, without limitation, that your use is for
the sole purpose of programming logic devices manufactured by
Intel and sold by Intel or its authorized distributors.  Please
refer to the applicable agreement for further details.



+----------------------------------------------------------------------------------+
; Flow Summary                                                                     ;
+------------------------------------+---------------------------------------------+
; Flow Status                        ; Successful - Sun Jan 04 11:49:22 2026       ;
; Quartus Prime Version              ; 18.1.0 Build 625 09/12/2018 SJ Lite Edition ;
; Revision Name                      ; DE10_Lite_Computer                          ;
; Top-level Entity Name              ; DE10_Lite_Computer                          ;
; Family                             ; MAX 10                                      ;
; Device                             ; 10M50DAF484C7G                              ;
; Timing Models                      ; Final                                       ;
; Total logic elements               ; 13,685 / 49,760 ( 28 % )                    ;
;     Total combinational functions  ; 12,267 / 49,760 ( 25 % )                    ;
;     Dedicated logic registers      ; 7,615 / 49,760 ( 15 % )                     ;
; Total registers                    ; 7684                                        ;
; Total pins                         ; 185 / 360 ( 51 % )                          ;
; Total virtual pins                 ; 0                                           ;
; Total memory bits                  ; 621,241 / 1,677,312 ( 37 % )                ;
; Embedded Multiplier 9-bit elements ; 7 / 288 ( 2 % )                             ;
; Total PLLs                         ; 2 / 4 ( 50 % )                              ;
; UFM blocks                         ; 0 / 1 ( 0 % )                               ;
; ADC blocks                         ; 0 / 2 ( 0 % )                               ;
+------------------------------------+---------------------------------------------+


+-----------------------------------------+
; Flow Settings                           ;
+-------------------+---------------------+
; Option            ; Setting             ;
+-------------------+---------------------+
; Start date & time ; 01/04/2026 11:43:49 ;
; Main task         ; Compilation         ;
; Revision Name     ; DE10_Lite_Computer  ;
+-------------------+---------------------+


+--------------------------------------------------------------------------------------------------------------------------------------------------------+
; Flow Non-Default Global Settings                                                                                                                       ;
+-------------------------------------+-------------------------------------------------------------------+---------------+-----------------+------------+
; Assignment Name                     ; Value                                                             ; Default Value ; Entity Name     ; Section Id ;
+-------------------------------------+-------------------------------------------------------------------+---------------+-----------------+------------+
; COMPILER_SIGNATURE_ID               ; 925255608455.176752342905140                                      ; --            ; --              ; --         ;
; ENABLE_SIGNALTAP                    ; On                                                                ; --            ; --              ; --         ;
; MAX_CORE_JUNCTION_TEMP              ; 85                                                                ; --            ; --              ; --         ;
; MIN_CORE_JUNCTION_TEMP              ; 0                                                                 ; --            ; --              ; --         ;
; MISC_FILE                           ; Computer_System/synthesis/../Computer_System.cmp                  ; --            ; --              ; --         ;
; MISC_FILE                           ; Computer_System/synthesis/../../Computer_System.qsys              ; --            ; --              ; --         ;
; PARTITION_COLOR                     ; -- (Not supported for targeted family)                            ; --            ; --              ; Top        ;
; PARTITION_FITTER_PRESERVATION_LEVEL ; -- (Not supported for targeted family)                            ; --            ; --              ; Top        ;
; PARTITION_NETLIST_TYPE              ; -- (Not supported for targeted family)                            ; --            ; --              ; Top        ;
; POWER_BOARD_THERMAL_MODEL           ; None (CONSERVATIVE)                                               ; --            ; --              ; --         ;
; POWER_PRESET_COOLING_SOLUTION       ; 23 MM HEAT SINK WITH 200 LFPM AIRFLOW                             ; --            ; --              ; --         ;
; SLD_FILE                            ; Computer_System/synthesis/Computer_System.regmap                  ; --            ; --              ; --         ;
; SLD_FILE                            ; Computer_System/synthesis/Computer_System.debuginfo               ; --            ; --              ; --         ;
; SLD_INFO                            ; QSYS_NAME Computer_System HAS_SOPCINFO 1 GENERATION_ID 1767452474 ; --            ; Computer_System ; --         ;
; SOPCINFO_FILE                       ; Computer_System/synthesis/../../Computer_System.sopcinfo          ; --            ; --              ; --         ;
; SYNTHESIS_ONLY_QIP                  ; On                                                                ; --            ; --              ; --         ;
; USE_SIGNALTAP_FILE                  ; stp1.stp                                                          ; --            ; --              ; --         ;
+-------------------------------------+-------------------------------------------------------------------+---------------+-----------------+------------+


+--------------------------------------------------------------------------------------------------------------------------+
; Flow Elapsed Time                                                                                                        ;
+----------------------+--------------+-------------------------+---------------------+------------------------------------+
; Module Name          ; Elapsed Time ; Average Processors Used ; Peak Virtual Memory ; Total CPU Time (on all processors) ;
+----------------------+--------------+-------------------------+---------------------+------------------------------------+
; Analysis & Synthesis ; 00:02:10     ; 1.0                     ; 5270 MB             ; 00:02:29                           ;
; Fitter               ; 00:02:49     ; 1.4                     ; 5857 MB             ; 00:05:01                           ;
; Assembler            ; 00:00:07     ; 1.0                     ; 4755 MB             ; 00:00:07                           ;
; Timing Analyzer      ; 00:00:21     ; 2.2                     ; 5013 MB             ; 00:00:39                           ;
; Total                ; 00:05:27     ; --                      ; --                  ; 00:08:16                           ;
+----------------------+--------------+-------------------------+---------------------+------------------------------------+


+------------------------------------------------------------------------------------+
; Flow OS Summary                                                                    ;
+----------------------+------------------+------------+------------+----------------+
; Module Name          ; Machine Hostname ; OS Name    ; OS Version ; Processor type ;
+----------------------+------------------+------------+------------+----------------+
; Analysis & Synthesis ; Fernando         ; Windows 10 ; 10.0       ; x86_64         ;
; Fitter               ; Fernando         ; Windows 10 ; 10.0       ; x86_64         ;
; Assembler            ; Fernando         ; Windows 10 ; 10.0       ; x86_64         ;
; Timing Analyzer      ; Fernando         ; Windows 10 ; 10.0       ; x86_64         ;
+----------------------+------------------+------------+------------+----------------+


------------
; Flow Log ;
------------
quartus_map --read_settings_files=on --write_settings_files=off DE10_Lite_Computer -c DE10_Lite_Computer
quartus_fit --read_settings_files=off --write_settings_files=off DE10_Lite_Computer -c DE10_Lite_Computer
quartus_asm --read_settings_files=off --write_settings_files=off DE10_Lite_Computer -c DE10_Lite_Computer
quartus_sta DE10_Lite_Computer -c DE10_Lite_Computer



