11:36:45 **** Incremental Build of configuration Nios II for project telemetre_test ****
make all 
Info: Building ../telemetre_test_bsp/
C:/intelFPGA_lite/18.1/nios2eds/bin/gnu/H-x86_64-mingw32/bin/make --no-print-directory -C ../telemetre_test_bsp/
[BSP build complete]
[telemetre_test build complete]
11:36:54 **** Build of configuration Nios II for project telemetre_test ****
make all 
Info: Building ../telemetre_test_bsp/
C:/intelFPGA_lite/18.1/nios2eds/bin/gnu/H-x86_64-mingw32/bin/make --no-print-directory -C ../telemetre_test_bsp/
[BSP build complete]
[telemetre_test build complete]
11:36:54 **** Incremental Build of configuration Nios II for project telemetre_test ****
make all 
Info: Building ../telemetre_test_bsp/
C:/intelFPGA_lite/18.1/nios2eds/bin/gnu/H-x86_64-mingw32/bin/make --no-print-directory -C ../telemetre_test_bsp/
[BSP build complete]
[telemetre_test build complete]
11:41:45 **** Incremental Build of configuration Nios II for project telemetre_test ****
make all 
Info: Building ../telemetre_test_bsp/
C:/intelFPGA_lite/18.1/nios2eds/bin/gnu/H-x86_64-mingw32/bin/make --no-print-directory -C ../telemetre_test_bsp/
[BSP build complete]
Info: Compiling vga_controle.c to obj/default/vga_controle.o
nios2-elf-gcc -xc -MP -MMD -c -I../telemetre_test_bsp//HAL/inc -I../telemetre_test_bsp/ -I../telemetre_test_bsp//drivers/inc  -pipe -D__hal__ -DALT_NO_INSTRUCTION_EMULATION -DALT_SINGLE_THREADED    -O0 -g -Wall   -mno-hw-div -mcustom-fpu-cfg=60-2 -mno-hw-mul -mno-hw-mulx -mgpopt=global  -o obj/default/vga_controle.o vga_controle.c
Info: Linking telemetre_test.elf
nios2-elf-g++  -T'../telemetre_test_bsp//linker.x' -msys-crt0='../telemetre_test_bsp//obj/HAL/src/crt0.o' -msys-lib=hal_bsp -L../telemetre_test_bsp/  -mcustom-fpu-cfg=60-2  -Wl,-Map=telemetre_test.map   -O0 -g -Wall   -mno-hw-div -mcustom-fpu-cfg=60-2 -mno-hw-mul -mno-hw-mulx -mgpopt=global  -o telemetre_test.elf obj/default/main.o obj/default/vga_controle.o -lm -msys-lib=m
nios2-elf-insert telemetre_test.elf --thread_model hal --cpu_name Nios2 --qsys true --simulation_enabled false --id 0 --sidp 0xff202040 --timestamp 1767452474 --stderr_dev JTAG_UART --stdin_dev JTAG_UART --stdout_dev JTAG_UART --sopc_system_name Computer_System --quartus_project_dir "C:/Architecture_des_systemes_embarques/TP/TP1/tp_train/FPGA-Ultrasonic-Radar2D/DE10_Lite_Computer_YD" --jdi C:/Architecture_des_systemes_embarques/TP/TP1/tp_train/FPGA-Ultrasonic-Radar2D/DE10_Lite_Computer_YD/software/telemetre_test_bsp/../../DE10_Lite_Computer.jdi --sopcinfo C:/Architecture_des_systemes_embarques/TP/TP1/tp_train/FPGA-Ultrasonic-Radar2D/DE10_Lite_Computer_YD/software/telemetre_test_bsp/../../Computer_System.sopcinfo
Info: (telemetre_test.elf) 86 KBytes program size (code + initialized data).
Info:                      65442 KBytes free for stack + heap.
Info: Creating telemetre_test.objdump
nios2-elf-objdump --disassemble --syms --all-header --source telemetre_test.elf >telemetre_test.objdump
[telemetre_test build complete]
11:41:47 **** Incremental Build of configuration Nios II for project telemetre_test_bsp ****
make all 
[BSP build complete]
11:42:15 **** Build of configuration Nios II for project telemetre_test ****
make all 
Info: Building ../telemetre_test_bsp/
C:/intelFPGA_lite/18.1/nios2eds/bin/gnu/H-x86_64-mingw32/bin/make --no-print-directory -C ../telemetre_test_bsp/
[BSP build complete]
[telemetre_test build complete]
11:42:16 **** Incremental Build of configuration Nios II for project telemetre_test ****
make all 
Info: Building ../telemetre_test_bsp/
C:/intelFPGA_lite/18.1/nios2eds/bin/gnu/H-x86_64-mingw32/bin/make --no-print-directory -C ../telemetre_test_bsp/
[BSP build complete]
[telemetre_test build complete]
11:47:26 **** Incremental Build of configuration Nios II for project telemetre_test ****
make all 
Info: Building ../telemetre_test_bsp/
C:/intelFPGA_lite/18.1/nios2eds/bin/gnu/H-x86_64-mingw32/bin/make --no-print-directory -C ../telemetre_test_bsp/
[BSP build complete]
Info: Compiling main.c to obj/default/main.o
nios2-elf-gcc -xc -MP -MMD -c -I../telemetre_test_bsp//HAL/inc -I../telemetre_test_bsp/ -I../telemetre_test_bsp//drivers/inc  -pipe -D__hal__ -DALT_NO_INSTRUCTION_EMULATION -DALT_SINGLE_THREADED    -O0 -g -Wall   -mno-hw-div -mcustom-fpu-cfg=60-2 -mno-hw-mul -mno-hw-mulx -mgpopt=global  -o obj/default/main.o main.c
main.c: In function 'main':
main.c:24:9: warning: variable 'distance' set but not used [-Wunused-but-set-variable]
     int distance = 0;
         ^
Info: Linking telemetre_test.elf
nios2-elf-g++  -T'../telemetre_test_bsp//linker.x' -msys-crt0='../telemetre_test_bsp//obj/HAL/src/crt0.o' -msys-lib=hal_bsp -L../telemetre_test_bsp/  -mcustom-fpu-cfg=60-2  -Wl,-Map=telemetre_test.map   -O0 -g -Wall   -mno-hw-div -mcustom-fpu-cfg=60-2 -mno-hw-mul -mno-hw-mulx -mgpopt=global  -o telemetre_test.elf obj/default/main.o obj/default/vga_controle.o -lm -msys-lib=m
nios2-elf-insert telemetre_test.elf --thread_model hal --cpu_name Nios2 --qsys true --simulation_enabled false --id 0 --sidp 0xff202040 --timestamp 1767452474 --stderr_dev JTAG_UART --stdin_dev JTAG_UART --stdout_dev JTAG_UART --sopc_system_name Computer_System --quartus_project_dir "C:/Architecture_des_systemes_embarques/TP/TP1/tp_train/FPGA-Ultrasonic-Radar2D/DE10_Lite_Computer_YD" --jdi C:/Architecture_des_systemes_embarques/TP/TP1/tp_train/FPGA-Ultrasonic-Radar2D/DE10_Lite_Computer_YD/software/telemetre_test_bsp/../../DE10_Lite_Computer.jdi --sopcinfo C:/Architecture_des_systemes_embarques/TP/TP1/tp_train/FPGA-Ultrasonic-Radar2D/DE10_Lite_Computer_YD/software/telemetre_test_bsp/../../Computer_System.sopcinfo
Info: (telemetre_test.elf) 86 KBytes program size (code + initialized data).
Info:                      65442 KBytes free for stack + heap.
Info: Creating telemetre_test.objdump
nios2-elf-objdump --disassemble --syms --all-header --source telemetre_test.elf >telemetre_test.objdump
[telemetre_test build complete]
11:47:29 **** Incremental Build of configuration Nios II for project telemetre_test_bsp ****
make all 
[BSP build complete]
11:47:38 **** Build of configuration Nios II for project telemetre_test ****
make all 
Info: Building ../telemetre_test_bsp/
C:/intelFPGA_lite/18.1/nios2eds/bin/gnu/H-x86_64-mingw32/bin/make --no-print-directory -C ../telemetre_test_bsp/
[BSP build complete]
[telemetre_test build complete]
11:47:40 **** Incremental Build of configuration Nios II for project telemetre_test ****
make all 
Info: Building ../telemetre_test_bsp/
C:/intelFPGA_lite/18.1/nios2eds/bin/gnu/H-x86_64-mingw32/bin/make --no-print-directory -C ../telemetre_test_bsp/
[BSP build complete]
[telemetre_test build complete]
